Archive member included because of file (symbol)

D:/Freescale/KSDK_1.3.0/examples/frdmkv31f/demo_apps/bubble_level_ftm/kds/../../../../../lib/ksdk_platform_lib/kds/KV31F51212/debug/libksdk_platform.a(fsl_uart_hal.o)
                              ./utilities/fsl_debug_console.o (UART_HAL_SetBaudRate)
D:/Freescale/KSDK_1.3.0/examples/frdmkv31f/demo_apps/bubble_level_ftm/kds/../../../../../lib/ksdk_platform_lib/kds/KV31F51212/debug/libksdk_platform.a(fsl_smc_hal.o)
                              ./board/board.o (SMC_HAL_SetMode)
D:/Freescale/KSDK_1.3.0/examples/frdmkv31f/demo_apps/bubble_level_ftm/kds/../../../../../lib/ksdk_platform_lib/kds/KV31F51212/debug/libksdk_platform.a(fsl_lpuart_hal.o)
                              ./utilities/fsl_debug_console.o (LPUART_HAL_SetBaudRate)
D:/Freescale/KSDK_1.3.0/examples/frdmkv31f/demo_apps/bubble_level_ftm/kds/../../../../../lib/ksdk_platform_lib/kds/KV31F51212/debug/libksdk_platform.a(fsl_interrupt_manager.o)
                              ./source/main.o (INT_SYS_EnableIRQGlobal)
D:/Freescale/KSDK_1.3.0/examples/frdmkv31f/demo_apps/bubble_level_ftm/kds/../../../../../lib/ksdk_platform_lib/kds/KV31F51212/debug/libksdk_platform.a(fsl_i2c_master_driver.o)
                              ./source/main.o (I2C_DRV_MasterInit)
D:/Freescale/KSDK_1.3.0/examples/frdmkv31f/demo_apps/bubble_level_ftm/kds/../../../../../lib/ksdk_platform_lib/kds/KV31F51212/debug/libksdk_platform.a(fsl_i2c_common.o)
                              D:/Freescale/KSDK_1.3.0/examples/frdmkv31f/demo_apps/bubble_level_ftm/kds/../../../../../lib/ksdk_platform_lib/kds/KV31F51212/debug/libksdk_platform.a(fsl_i2c_master_driver.o) (g_i2cBase)
D:/Freescale/KSDK_1.3.0/examples/frdmkv31f/demo_apps/bubble_level_ftm/kds/../../../../../lib/ksdk_platform_lib/kds/KV31F51212/debug/libksdk_platform.a(fsl_i2c_shared_function.o)
                              ./source/fsl_i2c_irq.o (I2C_DRV_IRQHandler)
D:/Freescale/KSDK_1.3.0/examples/frdmkv31f/demo_apps/bubble_level_ftm/kds/../../../../../lib/ksdk_platform_lib/kds/KV31F51212/debug/libksdk_platform.a(fsl_gpio_driver.o)
                              ./source/main.o (GPIO_DRV_OutputPinInit)
D:/Freescale/KSDK_1.3.0/examples/frdmkv31f/demo_apps/bubble_level_ftm/kds/../../../../../lib/ksdk_platform_lib/kds/KV31F51212/debug/libksdk_platform.a(fsl_ftm_hal.o)
                              ./source/main.o (FTM_HAL_Init)
D:/Freescale/KSDK_1.3.0/examples/frdmkv31f/demo_apps/bubble_level_ftm/kds/../../../../../lib/ksdk_platform_lib/kds/KV31F51212/debug/libksdk_platform.a(fsl_clock_MKV31F51212.o)
                              ./board/board.o (CLOCK_SYS_SetConfiguration)
D:/Freescale/KSDK_1.3.0/examples/frdmkv31f/demo_apps/bubble_level_ftm/kds/../../../../../lib/ksdk_platform_lib/kds/KV31F51212/debug/libksdk_platform.a(fsl_clock_manager.o)
                              D:/Freescale/KSDK_1.3.0/examples/frdmkv31f/demo_apps/bubble_level_ftm/kds/../../../../../lib/ksdk_platform_lib/kds/KV31F51212/debug/libksdk_platform.a(fsl_clock_MKV31F51212.o) (CLOCK_SYS_SetMcgMode)
D:/Freescale/KSDK_1.3.0/examples/frdmkv31f/demo_apps/bubble_level_ftm/kds/../../../../../lib/ksdk_platform_lib/kds/KV31F51212/debug/libksdk_platform.a(fsl_clock_manager_common.o)
                              D:/Freescale/KSDK_1.3.0/examples/frdmkv31f/demo_apps/bubble_level_ftm/kds/../../../../../lib/ksdk_platform_lib/kds/KV31F51212/debug/libksdk_platform.a(fsl_clock_MKV31F51212.o) (g_oscBase)
D:/Freescale/KSDK_1.3.0/examples/frdmkv31f/demo_apps/bubble_level_ftm/kds/../../../../../lib/ksdk_platform_lib/kds/KV31F51212/debug/libksdk_platform.a(fsl_os_abstraction_bm.o)
                              D:/Freescale/KSDK_1.3.0/examples/frdmkv31f/demo_apps/bubble_level_ftm/kds/../../../../../lib/ksdk_platform_lib/kds/KV31F51212/debug/libksdk_platform.a(fsl_i2c_master_driver.o) (OSA_SemaCreate)
D:/Freescale/KSDK_1.3.0/examples/frdmkv31f/demo_apps/bubble_level_ftm/kds/../../../../../lib/ksdk_platform_lib/kds/KV31F51212/debug/libksdk_platform.a(fsl_sim_hal_MKV31F51212.o)
                              D:/Freescale/KSDK_1.3.0/examples/frdmkv31f/demo_apps/bubble_level_ftm/kds/../../../../../lib/ksdk_platform_lib/kds/KV31F51212/debug/libksdk_platform.a(fsl_clock_MKV31F51212.o) (CLOCK_HAL_SetOutDiv)
D:/Freescale/KSDK_1.3.0/examples/frdmkv31f/demo_apps/bubble_level_ftm/kds/../../../../../lib/ksdk_platform_lib/kds/KV31F51212/debug/libksdk_platform.a(fsl_osc_hal.o)
                              D:/Freescale/KSDK_1.3.0/examples/frdmkv31f/demo_apps/bubble_level_ftm/kds/../../../../../lib/ksdk_platform_lib/kds/KV31F51212/debug/libksdk_platform.a(fsl_clock_manager.o) (OSC_HAL_SetCapacitor)
D:/Freescale/KSDK_1.3.0/examples/frdmkv31f/demo_apps/bubble_level_ftm/kds/../../../../../lib/ksdk_platform_lib/kds/KV31F51212/debug/libksdk_platform.a(fsl_mcg_hal.o)
[...]
Memory Configuration

Name             Origin             Length             Attributes
m_interrupts     0x00000000         0x00000400         xr
m_flash_config   0x00000400         0x00000010         xr
m_text           0x00000410         0x0007fbf0         xr
m_data           0x1fff8000         0x00008000         rw
m_data_2         0x20000000         0x00010000         rw
*default*        0x00000000         0xffffffff

Linker script and memory map

LOAD d:/freescale/kds_v3/toolchain/bin/../lib/gcc/arm-none-eabi/4.8.4/armv7e-m/fpu/crti.o
LOAD d:/freescale/kds_v3/toolchain/bin/../lib/gcc/arm-none-eabi/4.8.4/armv7e-m/fpu/crtbegin.o
LOAD d:/freescale/kds_v3/toolchain/bin/../lib/gcc/arm-none-eabi/4.8.4/../../../../arm-none-eabi/lib/armv7e-m/fpu/crt0.o
                0x00002000                __stack_size__ = 0x2000
                0x00002000                __heap_size__ = 0x2000
START GROUP
LOAD ./utilities/fsl_debug_console.o
LOAD ./utilities/fsl_misc_utilities.o
LOAD ./utilities/print_scan.o
LOAD ./startup/startup.o
LOAD ./startup/startup_MKV31F51212.o
LOAD ./startup/system_MKV31F51212.o
LOAD ./source/accel.o
LOAD ./source/fsl_i2c_irq.o
LOAD ./source/fxos_api.o
LOAD ./source/main.o
LOAD ./source/mma8451_api.o
LOAD ./board/board.o
LOAD ./board/gpio_pins.o
LOAD ./board/hardware_init.o
LOAD ./board/pin_mux.o
LOAD D:/Freescale/KSDK_1.3.0/examples/frdmkv31f/demo_apps/bubble_level_ftm/kds/../../../../../lib/ksdk_platform_lib/kds/KV31F51212/debug/libksdk_platform.a
LOAD d:/freescale/kds_v3/toolchain/bin/../lib/gcc/arm-none-eabi/4.8.4/../../../../arm-none-eabi/lib/armv7e-m/fpu\libm.a
LOAD d:/freescale/kds_v3/toolchain/bin/../lib/gcc/arm-none-eabi/4.8.4/../../../../arm-none-eabi/lib/armv7e-m/fpu\libg_s.a
LOAD d:/freescale/kds_v3/toolchain/bin/../lib/gcc/arm-none-eabi/4.8.4/armv7e-m/fpu\libgcc.a
LOAD d:/freescale/kds_v3/toolchain/bin/../lib/gcc/arm-none-eabi/4.8.4/../../../../arm-none-eabi/lib/armv7e-m/fpu\libnosys.a
END GROUP
START GROUP
LOAD d:/freescale/kds_v3/toolchain/bin/../lib/gcc/arm-none-eabi/4.8.4/armv7e-m/fpu\libgcc.a
LOAD d:/freescale/kds_v3/toolchain/bin/../lib/gcc/arm-none-eabi/4.8.4/../../../../arm-none-eabi/lib/armv7e-m/fpu\libg_s.a
LOAD d:/freescale/kds_v3/toolchain/bin/../lib/gcc/arm-none-eabi/4.8.4/../../../../arm-none-eabi/lib/armv7e-m/fpu\libc_s.a
END GROUP
START GROUP
LOAD d:/freescale/kds_v3/toolchain/bin/../lib/gcc/arm-none-eabi/4.8.4/armv7e-m/fpu\libgcc.a
LOAD d:/freescale/kds_v3/toolchain/bin/../lib/gcc/arm-none-eabi/4.8.4/../../../../arm-none-eabi/lib/armv7e-m/fpu\libc_s.a
END GROUP
LOAD d:/freescale/kds_v3/toolchain/bin/../lib/gcc/arm-none-eabi/4.8.4/armv7e-m/fpu/crtend.o
LOAD d:/freescale/kds_v3/toolchain/bin/../lib/gcc/arm-none-eabi/4.8.4/armv7e-m/fpu/crtn.o
                0x00000400                HEAP_SIZE = DEFINED (__heap_size__)?__heap_size__:0x400
                0x00000400                STACK_SIZE = DEFINED (__stack_size__)?__stack_size__:0x400
                0x00000000                M_VECTOR_RAM_SIZE = DEFINED (__ram_vector_table__)?0x400:0x0

.interrupts     0x00000000      0x400
                0x00000000                __VECTOR_TABLE = .
                0x00000000                . = ALIGN (0x4)
 *(.isr_vector)
 .isr_vector    0x00000000      0x400 ./startup/startup_MKV31F51212.o
                0x00000000                __isr_vector
                0x00000400                . = ALIGN (0x4)

.flash_config   0x00000400       0x10
                0x00000400                . = ALIGN (0x4)
 *(.FlashConfig)
 .FlashConfig   0x00000400       0x10 ./startup/startup_MKV31F51212.o
                0x00000410                . = ALIGN (0x4)

.text           0x00000410     0x87dc
                0x00000410                . = ALIGN (0x4)
 *(.text)
 .text          0x00000410       0x54 d:/freescale/kds_v3/toolchain/bin/../lib/gcc/arm-none-eabi/4.8.4/armv7e-m/fpu/crtbegin.o
 .text          0x00000464       0x74 d:/freescale/kds_v3/toolchain/bin/../lib/gcc/arm-none-eabi/4.8.4/../../../../arm-none-eabi/lib/armv7e-m/fpu/crt0.o
                0x00000464                _start
                0x00000464                _mainCRTStartup
 .text          0x000004d8       0x14 ./startup/startup_MKV31F51212.o
                0x000004d8                Reset_Handler
                0x000004e8                Reserved54_IRQHandler
                0x000004e8                DebugMon_Handler
                0x000004e8                HardFault_Handler
                0x000004e8                Reserved86_IRQHandler
                0x000004e8                Reserved85_IRQHandler
                0x000004e8                SysTick_Handler
                0x000004e8                PendSV_Handler
                0x000004e8                NMI_Handler
                0x000004e8                UART0_RX_TX_IRQHandler
                0x000004e8                DMA2_IRQHandler
                0x000004e8                Reserved99_IRQHandler
                0x000004e8                PIT0_IRQHandler
                0x000004e8                LLWU_IRQHandler
                0x000004e8                Reserved84_IRQHandler
                0x000004e8                Reserved92_IRQHandler
                0x000004e8                UART2_RX_TX_IRQHandler
                0x000004e8                SWI_IRQHandler
                0x000004e8                ADC0_IRQHandler
                0x000004e8                UsageFault_Handler
                0x000004e8                SPI1_IRQHandler
                0x000004e8                DefaultISR
                0x000004e8                DMA9_IRQHandler
                0x000004e8                DMA14_IRQHandler
                0x000004e8                Reserved82_IRQHandler
                0x000004e8                CMP1_IRQHandler
                0x000004e8                Reserved71_IRQHandler
                0x000004e8                PORTD_IRQHandler
                0x000004e8                Reserved69_IRQHandler
                0x000004e8                PORTB_IRQHandler
                0x000004e8                Reserved70_IRQHandler
                0x000004e8                ADC1_IRQHandler
                0x000004e8                PIT2_IRQHandler
                0x000004e8                Reserved53_IRQHandler
                0x000004e8                DMA5_IRQHandler
                0x000004e8                PDB0_IRQHandler
                0x000004e8                Reserved96_IRQHandler
                0x000004e8                FTM1_IRQHandler
                0x000004e8                Reserved61_IRQHandler
                0x000004e8                Reserved95_IRQHandler
                0x000004e8                PIT3_IRQHandler
                0x000004e8                Reserved62_IRQHandler
                0x000004e8                MCG_IRQHandler
                0x000004e8                UART2_ERR_IRQHandler
                0x000004e8                DMA11_IRQHandler
                0x000004e8                Read_Collision_IRQHandler
                0x000004e8                Reserved98_IRQHandler
                0x000004e8                DMA7_IRQHandler
                0x000004e8                Reserved101_IRQHandler
                0x000004e8                WDOG_EWM_IRQHandler
                0x000004e8                MemManage_Handler
                0x000004e8                Reserved90_IRQHandler
                0x000004e8                Reserved83_IRQHandler
                0x000004e8                SVC_Handler
                0x000004e8                DMA13_IRQHandler
                0x000004e8                DMA3_IRQHandler
                0x000004e8                Reserved100_IRQHandler
                0x000004e8                RNG_IRQHandler
                0x000004e8                DMA0_IRQHandler
                0x000004e8                Reserved97_IRQHandler
                0x000004e8                Reserved91_IRQHandler
                0x000004e8                LPUART0_IRQHandler
                0x000004e8                DMA15_IRQHandler
                0x000004e8                DAC0_IRQHandler
                0x000004e8                Reserved81_IRQHandler
                0x000004e8                Reserved94_IRQHandler
                0x000004e8                Reserved45_IRQHandler
                0x000004e8                DMA4_IRQHandler
                0x000004e8                PIT1_IRQHandler
                0x000004e8                UART0_ERR_IRQHandler
                0x000004e8                DMA_Error_IRQHandler
                0x000004e8                LVD_LVW_IRQHandler
                0x000004e8                SPI0_IRQHandler
                0x000004e8                PORTA_IRQHandler
                0x000004e8                DAC1_IRQHandler
                0x000004e8                MCM_IRQHandler
                0x000004e8                DMA12_IRQHandler
                0x000004e8                Reserved44_IRQHandler
                0x000004e8                FTM3_IRQHandler
                0x000004e8                Reserved63_IRQHandler
                0x000004e8                PORTE_IRQHandler
                0x000004e8                FTM2_IRQHandler
                0x000004e8                LPTMR0_IRQHandler
                0x000004e8                BusFault_Handler
                0x000004e8                DMA8_IRQHandler
                0x000004e8                Reserved93_IRQHandler
                0x000004e8                DMA10_IRQHandler
                0x000004e8                UART1_ERR_IRQHandler
                0x000004e8                UART1_RX_TX_IRQHandler
                0x000004e8                CMP0_IRQHandler
                0x000004e8                PORTC_IRQHandler
                0x000004e8                DMA6_IRQHandler
                0x000004e8                FTF_IRQHandler
                0x000004e8                DMA1_IRQHandler
 .text          0x000004ec      0x370 d:/freescale/kds_v3/toolchain/bin/../lib/gcc/arm-none-eabi/4.8.4/armv7e-m/fpu\libgcc.a(_arm_addsubdf3.o)
                0x000004ec                __aeabi_drsub
                0x000004f4                __aeabi_dsub
                0x000004f4                __subdf3
                0x000004f8                __aeabi_dadd
                0x000004f8                __adddf3
                0x00000770                __floatunsidf
                0x00000770                __aeabi_ui2d
                0x00000790                __floatsidf
                0x00000790                __aeabi_i2d
                0x000007b4                __aeabi_f2d
                0x000007b4                __extendsfdf2
                0x000007f0                __floatundidf
                0x000007f0                __aeabi_ul2d
                0x00000800                __floatdidf
                0x00000800                __aeabi_l2d
 .text          0x0000085c      0x424 d:/freescale/kds_v3/toolchain/bin/../lib/gcc/arm-none-eabi/4.8.4/armv7e-m/fpu\libgcc.a(_arm_muldivdf3.o)
                0x0000085c                __aeabi_dmul
                0x0000085c                __muldf3
                0x00000ab0                __divdf3
                0x00000ab0                __aeabi_ddiv
 .text          0x00000c80       0x50 d:/freescale/kds_v3/toolchain/bin/../lib/gcc/arm-none-eabi/4.8.4/armv7e-m/fpu\libgcc.a(_arm_fixdfsi.o)
                0x00000c80                __aeabi_d2iz
                0x00000c80                __fixdfsi
 .text          0x00000cd0       0x40 d:/freescale/kds_v3/toolchain/bin/../lib/gcc/arm-none-eabi/4.8.4/armv7e-m/fpu\libgcc.a(_arm_fixunsdfsi.o)
                0x00000cd0                __aeabi_d2uiz
                0x00000cd0                __fixunsdfsi
 *(.text*)
 .text.UART_HAL_EnableTransmitter
                0x00000d10       0x24 ./utilities/fsl_debug_console.o
 .text.UART_HAL_EnableReceiver
                0x00000d34       0x24 ./utilities/fsl_debug_console.o
 .text.UART_HAL_SetBitCountPerChar
                0x00000d58       0x28 ./utilities/fsl_debug_console.o
 .text.LPUART_HAL_SetTransmitterCmd
                0x00000d80       0x28 ./utilities/fsl_debug_console.o
 .text.LPUART_HAL_SetReceiverCmd
                0x00000da8       0x28 ./utilities/fsl_debug_console.o
 .text.LPUART_HAL_SetStopBitCount
                0x00000dd0       0x24 ./utilities/fsl_debug_console.o
 .text.SIM_HAL_EnableClock
                0x00000df4       0x44 ./utilities/fsl_debug_console.o
 .text.CLOCK_SYS_EnableLpuartClock
                0x00000e38       0x1c ./utilities/fsl_debug_console.o
 .text.DbgConsole_Init
                0x00000e54      0x134 ./utilities/fsl_debug_console.o
                0x00000e54                DbgConsole_Init
 .text._write   0x00000f88       0x58 ./utilities/fsl_debug_console.o
                0x00000f88                _write
 .text._read    0x00000fe0       0x44 ./utilities/fsl_debug_console.o
                0x00000fe0                _read
 .text.debug_printf
                0x00001024       0x48 ./utilities/fsl_debug_console.o
                0x00001024                debug_printf
 .text.debug_putc
                0x0000106c       0x40 ./utilities/fsl_debug_console.o
 .text._sbrk    0x000010ac       0x5c ./utilities/fsl_misc_utilities.o
                0x000010ac                _sbrk
 .text._doprint
                0x00001108      0x754 ./utilities/print_scan.o
                0x00001108                _doprint
 .text.mknumstr
                0x0000185c      0x110 ./utilities/print_scan.o
 .text.fput_pad
                0x0000196c       0x40 ./utilities/print_scan.o
 .text.init_data_bss
                0x000019ac       0xcc ./startup/startup.o
                0x000019ac                init_data_bss
 .text.SystemInit
                0x00001a78       0x3c ./startup/system_MKV31F51212.o
                0x00001a78                SystemInit
 .text.accel_read_reg
                0x00001ab4       0x50 ./source/accel.o
                0x00001ab4                accel_read_reg
 .text.accel_write_reg
                0x00001b04       0x50 ./source/accel.o
                0x00001b04                accel_write_reg
 .text.accel_init
                0x00001b54       0xdc ./source/accel.o
                0x00001b54                accel_init
 .text.I2C0_IRQHandler
                0x00001c30        0xc ./source/fsl_i2c_irq.o
                0x00001c30                I2C0_IRQHandler
 .text.I2C1_IRQHandler
                0x00001c3c        0xc ./source/fsl_i2c_irq.o
                0x00001c3c                I2C1_IRQHandler
 .text.fxos_init
                0x00001c48       0xf0 ./source/fxos_api.o
                0x00001c48                fxos_init
 .text.fxos_read_sensor_data
                0x00001d38       0x20 ./source/fxos_api.o
                0x00001d38                fxos_read_sensor_data
 .text.fxos_read_register_array_fast
                0x00001d58       0x50 ./source/fxos_api.o
                0x00001d58                fxos_read_register_array_fast
 .text.NVIC_EnableIRQ
                0x00001da8       0x30 ./source/main.o
 .text.INT_SYS_EnableIRQ
                0x00001dd8       0x54 ./source/main.o
 .text.CLOCK_SYS_GetFtmSystemClockFreq
                0x00001e2c       0x18 ./source/main.o
 .text.FTM_HAL_SetClockSource
                0x00001e44       0x2c ./source/main.o
 .text.FTM_HAL_SetClockPs
                0x00001e70       0x2c ./source/main.o
 .text.FTM_HAL_GetClockPs
                0x00001e9c       0x20 ./source/main.o
 .text.FTM_HAL_EnableTimerOverflowInt
                0x00001ebc       0x20 ./source/main.o
 .text.FTM_HAL_ClearTimerOverflow
                0x00001edc       0x20 ./source/main.o
 .text.FTM_HAL_HasTimerOverflowed
                0x00001efc       0x2c ./source/main.o
 .text.FTM_HAL_SetMod
                0x00001f28       0x28 ./source/main.o
 .text.FTM_HAL_SetCounterInitVal
                0x00001f50       0x28 ./source/main.o
 .text.FTM_HAL_EnableChnInt
                0x00001f78       0x4c ./source/main.o
 .text.FTM_HAL_DisableChnInt
                0x00001fc4       0x4c ./source/main.o
 .text.FTM_HAL_HasChnEventOccurred
                0x00002010       0x54 ./source/main.o
 .text.FTM_HAL_ClearChnEventFlag
                0x00002064       0x4c ./source/main.o
 .text.FTM_HAL_SetChnCountVal
                0x000020b0       0x58 ./source/main.o
 .text.FTM_HAL_SetSoftwareTriggerCmd
                0x00002108       0x28 ./source/main.o
 .text.FTM0_IRQHandler
                0x00002130       0xf4 ./source/main.o
                0x00002130                FTM0_IRQHandler
 *fill*         0x00002224        0x4 
 .text.main     0x00002228      0x2a8 ./source/main.o
                0x00002228                main
 .text.mma8451_init
                0x000024d0       0xa8 ./source/mma8451_api.o
                0x000024d0                mma8451_init
 .text.mma8451_read_sensor_data
                0x00002578       0x98 ./source/mma8451_api.o
                0x00002578                mma8451_read_sensor_data
 .text.PORT_HAL_SetMuxMode
                0x00002610       0x58 ./board/board.o
 .text.SMC_HAL_SetProtection
                0x00002668       0x1c ./board/board.o
 .text.BOARD_InitOsc0
                0x00002684       0x40 ./board/board.o
                0x00002684                BOARD_InitOsc0
 .text.BOARD_ClockInit
                0x000026c4       0x58 ./board/board.o
                0x000026c4                BOARD_ClockInit
 .text.dbg_uart_init
                0x0000271c       0x18 ./board/board.o
                0x0000271c                dbg_uart_init
 .text.PORT_HAL_SetOpenDrainCmd
                0x00002734       0x48 ./board/hardware_init.o
 .text.PORT_HAL_SetMuxMode
                0x0000277c       0x58 ./board/hardware_init.o
 .text.hardware_init
                0x000027d4       0x54 ./board/hardware_init.o
                0x000027d4                hardware_init
 .text.PORT_HAL_SetMuxMode
                0x00002828       0x58 ./board/pin_mux.o
 .text.configure_uart_pins
                0x00002880       0x30 ./board/pin_mux.o
                0x00002880                configure_uart_pins
 .text.UART_HAL_SetBaudRate
                0x000028b0       0xa0 D:/Freescale/KSDK_1.3.0/examples/frdmkv31f/demo_apps/bubble_level_ftm/kds/../../../../../lib/ksdk_platform_lib/kds/KV31F51212/debug/libksdk_platform.a(fsl_uart_hal.o)
                0x000028b0                UART_HAL_SetBaudRate
 .text.UART_HAL_SetParityMode
                0x00002950       0x40 D:/Freescale/KSDK_1.3.0/examples/frdmkv31f/demo_apps/bubble_level_ftm/kds/../../../../../lib/ksdk_platform_lib/kds/KV31F51212/debug/libksdk_platform.a(fsl_uart_hal.o)
                0x00002950                UART_HAL_SetParityMode
 .text.UART_HAL_Putchar
                0x00002990       0x28 D:/Freescale/KSDK_1.3.0/examples/frdmkv31f/demo_apps/bubble_level_ftm/kds/../../../../../lib/ksdk_platform_lib/kds/KV31F51212/debug/libksdk_platform.a(fsl_uart_hal.o)
                0x00002990                UART_HAL_Putchar
 .text.UART_HAL_Getchar
                0x000029b8       0x2c D:/Freescale/KSDK_1.3.0/examples/frdmkv31f/demo_apps/bubble_level_ftm/kds/../../../../../lib/ksdk_platform_lib/kds/KV31F51212/debug/libksdk_platform.a(fsl_uart_hal.o)
                0x000029b8                UART_HAL_Getchar
 .text.UART_HAL_SendDataPolling
                0x000029e4       0x44 D:/Freescale/KSDK_1.3.0/examples/frdmkv31f/demo_apps/bubble_level_ftm/kds/../../../../../lib/ksdk_platform_lib/kds/KV31F51212/debug/libksdk_platform.a(fsl_uart_hal.o)
                0x000029e4                UART_HAL_SendDataPolling
 .text.UART_HAL_ReceiveDataPolling
                0x00002a28       0x78 D:/Freescale/KSDK_1.3.0/examples/frdmkv31f/demo_apps/bubble_level_ftm/kds/../../../../../lib/ksdk_platform_lib/kds/KV31F51212/debug/libksdk_platform.a(fsl_uart_hal.o)
                0x00002a28                UART_HAL_ReceiveDataPolling
 .text.SMC_HAL_SetPowerModeRun
                0x00002aa0       0x2c D:/Freescale/KSDK_1.3.0/examples/frdmkv31f/demo_apps/bubble_level_ftm/kds/../../../../../lib/ksdk_platform_lib/kds/KV31F51212/debug/libksdk_platform.a(fsl_smc_hal.o)
 .text.SMC_HAL_SetPowerModeVlpr
                0x00002acc       0x34 D:/Freescale/KSDK_1.3.0/examples/frdmkv31f/demo_apps/bubble_level_ftm/kds/../../../../../lib/ksdk_platform_lib/kds/KV31F51212/debug/libksdk_platform.a(fsl_smc_hal.o)
 .text.SMC_HAL_SetPowerModeHsrun
                0x00002b00       0x2c D:/Freescale/KSDK_1.3.0/examples/frdmkv31f/demo_apps/bubble_level_ftm/kds/../../../../../lib/ksdk_platform_lib/kds/KV31F51212/debug/libksdk_platform.a(fsl_smc_hal.o)
 .text.SMC_HAL_SetMode
                0x00002b2c      0x1d0 D:/Freescale/KSDK_1.3.0/examples/frdmkv31f/demo_apps/bubble_level_ftm/kds/../../../../../lib/ksdk_platform_lib/kds/KV31F51212/debug/libksdk_platform.a(fsl_smc_hal.o)
                0x00002b2c                SMC_HAL_SetMode
 .text.SMC_HAL_GetStat
                0x00002cfc       0x1c D:/Freescale/KSDK_1.3.0/examples/frdmkv31f/demo_apps/bubble_level_ftm/kds/../../../../../lib/ksdk_platform_lib/kds/KV31F51212/debug/libksdk_platform.a(fsl_smc_hal.o)
                0x00002cfc                SMC_HAL_GetStat
 .text.LPUART_HAL_Putchar
                0x00002d18       0x1c D:/Freescale/KSDK_1.3.0/examples/frdmkv31f/demo_apps/bubble_level_ftm/kds/../../../../../lib/ksdk_platform_lib/kds/KV31F51212/debug/libksdk_platform.a(fsl_lpuart_hal.o)
 .text.LPUART_HAL_Getchar
                0x00002d34       0x20 D:/Freescale/KSDK_1.3.0/examples/frdmkv31f/demo_apps/bubble_level_ftm/kds/../../../../../lib/ksdk_platform_lib/kds/KV31F51212/debug/libksdk_platform.a(fsl_lpuart_hal.o)
 .text.LPUART_HAL_SetBaudRate
                0x00002d54      0x134 D:/Freescale/KSDK_1.3.0/examples/frdmkv31f/demo_apps/bubble_level_ftm/kds/../../../../../lib/ksdk_platform_lib/kds/KV31F51212/debug/libksdk_platform.a(fsl_lpuart_hal.o)
                0x00002d54                LPUART_HAL_SetBaudRate
 .text.LPUART_HAL_SetBitCountPerChar
                0x00002e88       0x4c D:/Freescale/KSDK_1.3.0/examples/frdmkv31f/demo_apps/bubble_level_ftm/kds/../../../../../lib/ksdk_platform_lib/kds/KV31F51212/debug/libksdk_platform.a(fsl_lpuart_hal.o)
                0x00002e88                LPUART_HAL_SetBitCountPerChar
 .text.LPUART_HAL_SetParityMode
                0x00002ed4       0x3c D:/Freescale/KSDK_1.3.0/examples/frdmkv31f/demo_apps/bubble_level_ftm/kds/../../../../../lib/ksdk_platform_lib/kds/KV31F51212/debug/libksdk_platform.a(fsl_lpuart_hal.o)
                0x00002ed4                LPUART_HAL_SetParityMode
 .text.LPUART_HAL_SendDataPolling
                0x00002f10       0x44 D:/Freescale/KSDK_1.3.0/examples/frdmkv31f/demo_apps/bubble_level_ftm/kds/../../../../../lib/ksdk_platform_lib/kds/KV31F51212/debug/libksdk_platform.a(fsl_lpuart_hal.o)
                0x00002f10                LPUART_HAL_SendDataPolling
 .text.LPUART_HAL_ReceiveDataPolling
                0x00002f54       0x70 D:/Freescale/KSDK_1.3.0/examples/frdmkv31f/demo_apps/bubble_level_ftm/kds/../../../../../lib/ksdk_platform_lib/kds/KV31F51212/debug/libksdk_platform.a(fsl_lpuart_hal.o)
                0x00002f54                LPUART_HAL_ReceiveDataPolling
 .text.INT_SYS_EnableIRQGlobal
                0x00002fc4       0x30 D:/Freescale/KSDK_1.3.0/examples/frdmkv31f/demo_apps/bubble_level_ftm/kds/../../../../../lib/ksdk_platform_lib/kds/KV31F51212/debug/libksdk_platform.a(fsl_interrupt_manager.o)
                0x00002fc4                INT_SYS_EnableIRQGlobal
 .text.INT_SYS_DisableIRQGlobal
                0x00002ff4       0x1c D:/Freescale/KSDK_1.3.0/examples/frdmkv31f/demo_apps/bubble_level_ftm/kds/../../../../../lib/ksdk_platform_lib/kds/KV31F51212/debug/libksdk_platform.a(fsl_interrupt_manager.o)
                0x00002ff4                INT_SYS_DisableIRQGlobal
 .text.NVIC_EnableIRQ
                0x00003010       0x30 D:/Freescale/KSDK_1.3.0/examples/frdmkv31f/demo_apps/bubble_level_ftm/kds/../../../../../lib/ksdk_platform_lib/kds/KV31F51212/debug/libksdk_platform.a(fsl_i2c_master_driver.o)
 .text.I2C_HAL_Enable
                0x00003040       0x24 D:/Freescale/KSDK_1.3.0/examples/frdmkv31f/demo_apps/bubble_level_ftm/kds/../../../../../lib/ksdk_platform_lib/kds/KV31F51212/debug/libksdk_platform.a(fsl_i2c_master_driver.o)
 .text.I2C_HAL_SendAck
                0x00003064       0x24 D:/Freescale/KSDK_1.3.0/examples/frdmkv31f/demo_apps/bubble_level_ftm/kds/../../../../../lib/ksdk_platform_lib/kds/KV31F51212/debug/libksdk_platform.a(fsl_i2c_master_driver.o)
 .text.I2C_HAL_SendNak
                0x00003088       0x24 D:/Freescale/KSDK_1.3.0/examples/frdmkv31f/demo_apps/bubble_level_ftm/kds/../../../../../lib/ksdk_platform_lib/kds/KV31F51212/debug/libksdk_platform.a(fsl_i2c_master_driver.o)
 .text.I2C_HAL_SetDirMode
                0x000030ac       0x28 D:/Freescale/KSDK_1.3.0/examples/frdmkv31f/demo_apps/bubble_level_ftm/kds/../../../../../lib/ksdk_platform_lib/kds/KV31F51212/debug/libksdk_platform.a(fsl_i2c_master_driver.o)
 .text.I2C_HAL_GetDirMode
                0x000030d4       0x24 D:/Freescale/KSDK_1.3.0/examples/frdmkv31f/demo_apps/bubble_level_ftm/kds/../../../../../lib/ksdk_platform_lib/kds/KV31F51212/debug/libksdk_platform.a(fsl_i2c_master_driver.o)
 .text.I2C_HAL_ReadByte
                0x000030f8       0x1c D:/Freescale/KSDK_1.3.0/examples/frdmkv31f/demo_apps/bubble_level_ftm/kds/../../../../../lib/ksdk_platform_lib/kds/KV31F51212/debug/libksdk_platform.a(fsl_i2c_master_driver.o)
 .text.I2C_HAL_WriteByte
                0x00003114       0x1c D:/Freescale/KSDK_1.3.0/examples/frdmkv31f/demo_apps/bubble_level_ftm/kds/../../../../../lib/ksdk_platform_lib/kds/KV31F51212/debug/libksdk_platform.a(fsl_i2c_master_driver.o)
 .text.I2C_HAL_GetStatusFlag
                0x00003130       0x34 D:/Freescale/KSDK_1.3.0/examples/frdmkv31f/demo_apps/bubble_level_ftm/kds/../../../../../lib/ksdk_platform_lib/kds/KV31F51212/debug/libksdk_platform.a(fsl_i2c_master_driver.o)
 .text.I2C_HAL_IsMaster
                0x00003164       0x30 D:/Freescale/KSDK_1.3.0/examples/frdmkv31f/demo_apps/bubble_level_ftm/kds/../../../../../lib/ksdk_platform_lib/kds/KV31F51212/debug/libksdk_platform.a(fsl_i2c_master_driver.o)
 .text.I2C_HAL_ClearArbitrationLost
                0x00003194       0x18 D:/Freescale/KSDK_1.3.0/examples/frdmkv31f/demo_apps/bubble_level_ftm/kds/../../../../../lib/ksdk_platform_lib/kds/KV31F51212/debug/libksdk_platform.a(fsl_i2c_master_driver.o)
 .text.I2C_HAL_SetIntCmd
                0x000031ac       0x28 D:/Freescale/KSDK_1.3.0/examples/frdmkv31f/demo_apps/bubble_level_ftm/kds/../../../../../lib/ksdk_platform_lib/kds/KV31F51212/debug/libksdk_platform.a(fsl_i2c_master_driver.o)
 .text.I2C_HAL_ClearInt
                0x000031d4       0x18 D:/Freescale/KSDK_1.3.0/examples/frdmkv31f/demo_apps/bubble_level_ftm/kds/../../../../../lib/ksdk_platform_lib/kds/KV31F51212/debug/libksdk_platform.a(fsl_i2c_master_driver.o)
 .text.CLOCK_SYS_GetI2cFreq
                0x000031ec       0x18 D:/Freescale/KSDK_1.3.0/examples/frdmkv31f/demo_apps/bubble_level_ftm/kds/../../../../../lib/ksdk_platform_lib/kds/KV31F51212/debug/libksdk_platform.a(fsl_i2c_master_driver.o)
 .text.INT_SYS_EnableIRQ
                0x00003204       0x54 D:/Freescale/KSDK_1.3.0/examples/frdmkv31f/demo_apps/bubble_level_ftm/kds/../../../../../lib/ksdk_platform_lib/kds/KV31F51212/debug/libksdk_platform.a(fsl_i2c_master_driver.o)
 .text.I2C_DRV_MasterInit
                0x00003258       0xb8 D:/Freescale/KSDK_1.3.0/examples/frdmkv31f/demo_apps/bubble_level_ftm/kds/../../../../../lib/ksdk_platform_lib/kds/KV31F51212/debug/libksdk_platform.a(fsl_i2c_master_driver.o)
                0x00003258                I2C_DRV_MasterInit
 .text.I2C_DRV_MasterSetBaudRate
                0x00003310       0x8c D:/Freescale/KSDK_1.3.0/examples/frdmkv31f/demo_apps/bubble_level_ftm/kds/../../../../../lib/ksdk_platform_lib/kds/KV31F51212/debug/libksdk_platform.a(fsl_i2c_master_driver.o)
                0x00003310                I2C_DRV_MasterSetBaudRate
 .text.I2C_DRV_MasterSendDataBlocking
                0x0000339c       0x34 D:/Freescale/KSDK_1.3.0/examples/frdmkv31f/demo_apps/bubble_level_ftm/kds/../../../../../lib/ksdk_platform_lib/kds/KV31F51212/debug/libksdk_platform.a(fsl_i2c_master_driver.o)
                0x0000339c                I2C_DRV_MasterSendDataBlocking
 .text.I2C_DRV_MasterReceiveDataBlocking
                0x000033d0       0x34 D:/Freescale/KSDK_1.3.0/examples/frdmkv31f/demo_apps/bubble_level_ftm/kds/../../../../../lib/ksdk_platform_lib/kds/KV31F51212/debug/libksdk_platform.a(fsl_i2c_master_driver.o)
                0x000033d0                I2C_DRV_MasterReceiveDataBlocking
 .text.I2C_DRV_MasterIRQHandler
                0x00003404      0x150 D:/Freescale/KSDK_1.3.0/examples/frdmkv31f/demo_apps/bubble_level_ftm/kds/../../../../../lib/ksdk_platform_lib/kds/KV31F51212/debug/libksdk_platform.a(fsl_i2c_master_driver.o)
                0x00003404                I2C_DRV_MasterIRQHandler
 .text.I2C_DRV_MasterWait
                0x00003554       0x68 D:/Freescale/KSDK_1.3.0/examples/frdmkv31f/demo_apps/bubble_level_ftm/kds/../../../../../lib/ksdk_platform_lib/kds/KV31F51212/debug/libksdk_platform.a(fsl_i2c_master_driver.o)
 .text.I2C_DRV_CompleteTransfer
                0x000035bc       0x94 D:/Freescale/KSDK_1.3.0/examples/frdmkv31f/demo_apps/bubble_level_ftm/kds/../../../../../lib/ksdk_platform_lib/kds/KV31F51212/debug/libksdk_platform.a(fsl_i2c_master_driver.o)
 .text.I2C_DRV_SendAddress
                0x00003650      0x1cc D:/Freescale/KSDK_1.3.0/examples/frdmkv31f/demo_apps/bubble_level_ftm/kds/../../../../../lib/ksdk_platform_lib/kds/KV31F51212/debug/libksdk_platform.a(fsl_i2c_master_driver.o)
 .text.I2C_DRV_MasterSend
                0x0000381c      0x184 D:/Freescale/KSDK_1.3.0/examples/frdmkv31f/demo_apps/bubble_level_ftm/kds/../../../../../lib/ksdk_platform_lib/kds/KV31F51212/debug/libksdk_platform.a(fsl_i2c_master_driver.o)
 .text.I2C_DRV_MasterReceive
                0x000039a0      0x18c D:/Freescale/KSDK_1.3.0/examples/frdmkv31f/demo_apps/bubble_level_ftm/kds/../../../../../lib/ksdk_platform_lib/kds/KV31F51212/debug/libksdk_platform.a(fsl_i2c_master_driver.o)
 .text.I2C_HAL_GetStatusFlag
                0x00003b2c       0x34 D:/Freescale/KSDK_1.3.0/examples/frdmkv31f/demo_apps/bubble_level_ftm/kds/../../../../../lib/ksdk_platform_lib/kds/KV31F51212/debug/libksdk_platform.a(fsl_i2c_shared_function.o)
 .text.I2C_HAL_IsMaster
                0x00003b60       0x30 D:/Freescale/KSDK_1.3.0/examples/frdmkv31f/demo_apps/bubble_level_ftm/kds/../../../../../lib/ksdk_platform_lib/kds/KV31F51212/debug/libksdk_platform.a(fsl_i2c_shared_function.o)
 .text.I2C_DRV_IRQHandler
                0x00003b90       0x6c D:/Freescale/KSDK_1.3.0/examples/frdmkv31f/demo_apps/bubble_level_ftm/kds/../../../../../lib/ksdk_platform_lib/kds/KV31F51212/debug/libksdk_platform.a(fsl_i2c_shared_function.o)
                0x00003b90                I2C_DRV_IRQHandler
 .text.PORT_HAL_SetSlewRateMode
                0x00003bfc       0x48 D:/Freescale/KSDK_1.3.0/examples/frdmkv31f/demo_apps/bubble_level_ftm/kds/../../../../../lib/ksdk_platform_lib/kds/KV31F51212/debug/libksdk_platform.a(fsl_gpio_driver.o)
 .text.PORT_HAL_SetOpenDrainCmd
                0x00003c44       0x48 D:/Freescale/KSDK_1.3.0/examples/frdmkv31f/demo_apps/bubble_level_ftm/kds/../../../../../lib/ksdk_platform_lib/kds/KV31F51212/debug/libksdk_platform.a(fsl_gpio_driver.o)
 .text.PORT_HAL_SetDriveStrengthMode
                0x00003c8c       0x48 D:/Freescale/KSDK_1.3.0/examples/frdmkv31f/demo_apps/bubble_level_ftm/kds/../../../../../lib/ksdk_platform_lib/kds/KV31F51212/debug/libksdk_platform.a(fsl_gpio_driver.o)
 .text.PORT_HAL_SetMuxMode
                0x00003cd4       0x58 D:/Freescale/KSDK_1.3.0/examples/frdmkv31f/demo_apps/bubble_level_ftm/kds/../../../../../lib/ksdk_platform_lib/kds/KV31F51212/debug/libksdk_platform.a(fsl_gpio_driver.o)
 .text.GPIO_DRV_OutputPinInit
                0x00003d2c       0x90 D:/Freescale/KSDK_1.3.0/examples/frdmkv31f/demo_apps/bubble_level_ftm/kds/../../../../../lib/ksdk_platform_lib/kds/KV31F51212/debug/libksdk_platform.a(fsl_gpio_driver.o)
                0x00003d2c                GPIO_DRV_OutputPinInit
 .text.GPIO_DRV_WritePinOutput
                0x00003dbc       0x34 D:/Freescale/KSDK_1.3.0/examples/frdmkv31f/demo_apps/bubble_level_ftm/kds/../../../../../lib/ksdk_platform_lib/kds/KV31F51212/debug/libksdk_platform.a(fsl_gpio_driver.o)
                0x00003dbc                GPIO_DRV_WritePinOutput
 .text.FTM_HAL_SetClockPs
                0x00003df0       0x2c D:/Freescale/KSDK_1.3.0/examples/frdmkv31f/demo_apps/bubble_level_ftm/kds/../../../../../lib/ksdk_platform_lib/kds/KV31F51212/debug/libksdk_platform.a(fsl_ftm_hal.o)
 .text.FTM_HAL_SetCpwms
                0x00003e1c       0x40 D:/Freescale/KSDK_1.3.0/examples/frdmkv31f/demo_apps/bubble_level_ftm/kds/../../../../../lib/ksdk_platform_lib/kds/KV31F51212/debug/libksdk_platform.a(fsl_ftm_hal.o)
 .text.FTM_HAL_SetChnMSnBAMode
                0x00003e5c       0x78 D:/Freescale/KSDK_1.3.0/examples/frdmkv31f/demo_apps/bubble_level_ftm/kds/../../../../../lib/ksdk_platform_lib/kds/KV31F51212/debug/libksdk_platform.a(fsl_ftm_hal.o)
 .text.FTM_HAL_SetChnEdgeLevel
                0x00003ed4       0x84 D:/Freescale/KSDK_1.3.0/examples/frdmkv31f/demo_apps/bubble_level_ftm/kds/../../../../../lib/ksdk_platform_lib/kds/KV31F51212/debug/libksdk_platform.a(fsl_ftm_hal.o)
 .text.FTM_HAL_Enable
                0x00003f58       0x4c D:/Freescale/KSDK_1.3.0/examples/frdmkv31f/demo_apps/bubble_level_ftm/kds/../../../../../lib/ksdk_platform_lib/kds/KV31F51212/debug/libksdk_platform.a(fsl_ftm_hal.o)
 .text.FTM_HAL_SetOutmaskPwmSyncModeCmd
                0x00003fa4       0x28 D:/Freescale/KSDK_1.3.0/examples/frdmkv31f/demo_apps/bubble_level_ftm/kds/../../../../../lib/ksdk_platform_lib/kds/KV31F51212/debug/libksdk_platform.a(fsl_ftm_hal.o)
 .text.FTM_HAL_SetDualChnPwmSyncCmd
                0x00003fcc       0x68 D:/Freescale/KSDK_1.3.0/examples/frdmkv31f/demo_apps/bubble_level_ftm/kds/../../../../../lib/ksdk_platform_lib/kds/KV31F51212/debug/libksdk_platform.a(fsl_ftm_hal.o)
 .text.FTM_HAL_SetDualEdgeCaptureCmd
                0x00004034       0x68 D:/Freescale/KSDK_1.3.0/examples/frdmkv31f/demo_apps/bubble_level_ftm/kds/../../../../../lib/ksdk_platform_lib/kds/KV31F51212/debug/libksdk_platform.a(fsl_ftm_hal.o)
 .text.FTM_HAL_SetDualChnCombineCmd
                0x0000409c       0x68 D:/Freescale/KSDK_1.3.0/examples/frdmkv31f/demo_apps/bubble_level_ftm/kds/../../../../../lib/ksdk_platform_lib/kds/KV31F51212/debug/libksdk_platform.a(fsl_ftm_hal.o)
 .text.FTM_HAL_SetSwoctrlHardwareSyncModeCmd
                0x00004104       0x28 D:/Freescale/KSDK_1.3.0/examples/frdmkv31f/demo_apps/bubble_level_ftm/kds/../../../../../lib/ksdk_platform_lib/kds/KV31F51212/debug/libksdk_platform.a(fsl_ftm_hal.o)
 .text.FTM_HAL_SetInvctrlHardwareSyncModeCmd
                0x0000412c       0x28 D:/Freescale/KSDK_1.3.0/examples/frdmkv31f/demo_apps/bubble_level_ftm/kds/../../../../../lib/ksdk_platform_lib/kds/KV31F51212/debug/libksdk_platform.a(fsl_ftm_hal.o)
 .text.FTM_HAL_SetOutmaskHardwareSyncModeCmd
                0x00004154       0x28 D:/Freescale/KSDK_1.3.0/examples/frdmkv31f/demo_apps/bubble_level_ftm/kds/../../../../../lib/ksdk_platform_lib/kds/KV31F51212/debug/libksdk_platform.a(fsl_ftm_hal.o)
 .text.FTM_HAL_SetModCntinCvHardwareSyncModeCmd
                0x0000417c       0x28 D:/Freescale/KSDK_1.3.0/examples/frdmkv31f/demo_apps/bubble_level_ftm/kds/../../../../../lib/ksdk_platform_lib/kds/KV31F51212/debug/libksdk_platform.a(fsl_ftm_hal.o)
 .text.FTM_HAL_SetCounterHardwareSyncModeCmd
                0x000041a4       0x28 D:/Freescale/KSDK_1.3.0/examples/frdmkv31f/demo_apps/bubble_level_ftm/kds/../../../../../lib/ksdk_platform_lib/kds/KV31F51212/debug/libksdk_platform.a(fsl_ftm_hal.o)
 .text.FTM_HAL_SetSwoctrlSoftwareSyncModeCmd
                0x000041cc       0x28 D:/Freescale/KSDK_1.3.0/examples/frdmkv31f/demo_apps/bubble_level_ftm/kds/../../../../../lib/ksdk_platform_lib/kds/KV31F51212/debug/libksdk_platform.a(fsl_ftm_hal.o)
 .text.FTM_HAL_SetInvctrlSoftwareSyncModeCmd
                0x000041f4       0x28 D:/Freescale/KSDK_1.3.0/examples/frdmkv31f/demo_apps/bubble_level_ftm/kds/../../../../../lib/ksdk_platform_lib/kds/KV31F51212/debug/libksdk_platform.a(fsl_ftm_hal.o)
 .text.FTM_HAL_SetOutmaskSoftwareSyncModeCmd
                0x0000421c       0x28 D:/Freescale/KSDK_1.3.0/examples/frdmkv31f/demo_apps/bubble_level_ftm/kds/../../../../../lib/ksdk_platform_lib/kds/KV31F51212/debug/libksdk_platform.a(fsl_ftm_hal.o)
 .text.FTM_HAL_SetModCntinCvSoftwareSyncModeCmd
                0x00004244       0x28 D:/Freescale/KSDK_1.3.0/examples/frdmkv31f/demo_apps/bubble_level_ftm/kds/../../../../../lib/ksdk_platform_lib/kds/KV31F51212/debug/libksdk_platform.a(fsl_ftm_hal.o)
 .text.FTM_HAL_SetCounterSoftwareSyncModeCmd
                0x0000426c       0x28 D:/Freescale/KSDK_1.3.0/examples/frdmkv31f/demo_apps/bubble_level_ftm/kds/../../../../../lib/ksdk_platform_lib/kds/KV31F51212/debug/libksdk_platform.a(fsl_ftm_hal.o)
 .text.FTM_HAL_SetPwmSyncModeCmd
                0x00004294       0x28 D:/Freescale/KSDK_1.3.0/examples/frdmkv31f/demo_apps/bubble_level_ftm/kds/../../../../../lib/ksdk_platform_lib/kds/KV31F51212/debug/libksdk_platform.a(fsl_ftm_hal.o)
 .text.FTM_HAL_SetSwoctrlPwmSyncModeCmd
                0x000042bc       0x28 D:/Freescale/KSDK_1.3.0/examples/frdmkv31f/demo_apps/bubble_level_ftm/kds/../../../../../lib/ksdk_platform_lib/kds/KV31F51212/debug/libksdk_platform.a(fsl_ftm_hal.o)
 .text.FTM_HAL_SetInvctrlPwmSyncModeCmd
                0x000042e4       0x28 D:/Freescale/KSDK_1.3.0/examples/frdmkv31f/demo_apps/bubble_level_ftm/kds/../../../../../lib/ksdk_platform_lib/kds/KV31F51212/debug/libksdk_platform.a(fsl_ftm_hal.o)
 .text.FTM_HAL_SetCntinPwmSyncModeCmd
                0x0000430c       0x28 D:/Freescale/KSDK_1.3.0/examples/frdmkv31f/demo_apps/bubble_level_ftm/kds/../../../../../lib/ksdk_platform_lib/kds/KV31F51212/debug/libksdk_platform.a(fsl_ftm_hal.o)
 .text.FTM_HAL_Init
                0x00004334       0x20 D:/Freescale/KSDK_1.3.0/examples/frdmkv31f/demo_apps/bubble_level_ftm/kds/../../../../../lib/ksdk_platform_lib/kds/KV31F51212/debug/libksdk_platform.a(fsl_ftm_hal.o)
                0x00004334                FTM_HAL_Init
 .text.FTM_HAL_SetSyncMode
                0x00004354      0x130 D:/Freescale/KSDK_1.3.0/examples/frdmkv31f/demo_apps/bubble_level_ftm/kds/../../../../../lib/ksdk_platform_lib/kds/KV31F51212/debug/libksdk_platform.a(fsl_ftm_hal.o)
                0x00004354                FTM_HAL_SetSyncMode
 .text.FTM_HAL_EnablePwmMode
                0x00004484       0xbc D:/Freescale/KSDK_1.3.0/examples/frdmkv31f/demo_apps/bubble_level_ftm/kds/../../../../../lib/ksdk_platform_lib/kds/KV31F51212/debug/libksdk_platform.a(fsl_ftm_hal.o)
                0x00004484                FTM_HAL_EnablePwmMode
 .text.FTM_HAL_GetChnPairIndex
                0x00004540       0x48 D:/Freescale/KSDK_1.3.0/examples/frdmkv31f/demo_apps/bubble_level_ftm/kds/../../../../../lib/ksdk_platform_lib/kds/KV31F51212/debug/libksdk_platform.a(fsl_ftm_hal.o)
                0x00004540                FTM_HAL_GetChnPairIndex
 .text.SIM_HAL_EnableClock
                0x00004588       0x44 D:/Freescale/KSDK_1.3.0/examples/frdmkv31f/demo_apps/bubble_level_ftm/kds/../../../../../lib/ksdk_platform_lib/kds/KV31F51212/debug/libksdk_platform.a(fsl_clock_MKV31F51212.o)
 .text.CLOCK_HAL_GetLpuartSrc
                0x000045cc       0x28 D:/Freescale/KSDK_1.3.0/examples/frdmkv31f/demo_apps/bubble_level_ftm/kds/../../../../../lib/ksdk_platform_lib/kds/KV31F51212/debug/libksdk_platform.a(fsl_clock_MKV31F51212.o)
 .text.CLOCK_HAL_SetExternalRefClock32kSrc
                0x000045f4       0x2c D:/Freescale/KSDK_1.3.0/examples/frdmkv31f/demo_apps/bubble_level_ftm/kds/../../../../../lib/ksdk_platform_lib/kds/KV31F51212/debug/libksdk_platform.a(fsl_clock_MKV31F51212.o)
 .text.CLOCK_HAL_SetPllfllSel
                0x00004620       0x38 D:/Freescale/KSDK_1.3.0/examples/frdmkv31f/demo_apps/bubble_level_ftm/kds/../../../../../lib/ksdk_platform_lib/kds/KV31F51212/debug/libksdk_platform.a(fsl_clock_MKV31F51212.o)
 .text.CLOCK_HAL_GetPllfllSel
                0x00004658       0x28 D:/Freescale/KSDK_1.3.0/examples/frdmkv31f/demo_apps/bubble_level_ftm/kds/../../../../../lib/ksdk_platform_lib/kds/KV31F51212/debug/libksdk_platform.a(fsl_clock_MKV31F51212.o)
 .text.CLOCK_HAL_GetOutDiv1
                0x00004680       0x24 D:/Freescale/KSDK_1.3.0/examples/frdmkv31f/demo_apps/bubble_level_ftm/kds/../../../../../lib/ksdk_platform_lib/kds/KV31F51212/debug/libksdk_platform.a(fsl_clock_MKV31F51212.o)
 .text.CLOCK_HAL_GetOutDiv2
                0x000046a4       0x28 D:/Freescale/KSDK_1.3.0/examples/frdmkv31f/demo_apps/bubble_level_ftm/kds/../../../../../lib/ksdk_platform_lib/kds/KV31F51212/debug/libksdk_platform.a(fsl_clock_MKV31F51212.o)
 .text.OSC_HAL_GetExternalRefClkCmd
                0x000046cc       0x2c D:/Freescale/KSDK_1.3.0/examples/frdmkv31f/demo_apps/bubble_level_ftm/kds/../../../../../lib/ksdk_platform_lib/kds/KV31F51212/debug/libksdk_platform.a(fsl_clock_MKV31F51212.o)
 .text.OSC_HAL_GetExternalRefClkDiv
                0x000046f8       0x20 D:/Freescale/KSDK_1.3.0/examples/frdmkv31f/demo_apps/bubble_level_ftm/kds/../../../../../lib/ksdk_platform_lib/kds/KV31F51212/debug/libksdk_platform.a(fsl_clock_MKV31F51212.o)
 .text.CLOCK_SYS_SetSimConfigration
                0x00004718       0x44 D:/Freescale/KSDK_1.3.0/examples/frdmkv31f/demo_apps/bubble_level_ftm/kds/../../../../../lib/ksdk_platform_lib/kds/KV31F51212/debug/libksdk_platform.a(fsl_clock_MKV31F51212.o)
                0x00004718                CLOCK_SYS_SetSimConfigration
 .text.CLOCK_SYS_SetConfiguration
                0x0000475c       0x70 D:/Freescale/KSDK_1.3.0/examples/frdmkv31f/demo_apps/bubble_level_ftm/kds/../../../../../lib/ksdk_platform_lib/kds/KV31F51212/debug/libksdk_platform.a(fsl_clock_MKV31F51212.o)
                0x0000475c                CLOCK_SYS_SetConfiguration
 .text.CLOCK_SYS_GetCoreClockFreq
                0x000047cc       0x28 D:/Freescale/KSDK_1.3.0/examples/frdmkv31f/demo_apps/bubble_level_ftm/kds/../../../../../lib/ksdk_platform_lib/kds/KV31F51212/debug/libksdk_platform.a(fsl_clock_MKV31F51212.o)
                0x000047cc                CLOCK_SYS_GetCoreClockFreq
 .text.CLOCK_SYS_GetSystemClockFreq
                0x000047f4       0x28 D:/Freescale/KSDK_1.3.0/examples/frdmkv31f/demo_apps/bubble_level_ftm/kds/../../../../../lib/ksdk_platform_lib/kds/KV31F51212/debug/libksdk_platform.a(fsl_clock_MKV31F51212.o)
                0x000047f4                CLOCK_SYS_GetSystemClockFreq
 .text.CLOCK_SYS_GetBusClockFreq
                0x0000481c       0x28 D:/Freescale/KSDK_1.3.0/examples/frdmkv31f/demo_apps/bubble_level_ftm/kds/../../../../../lib/ksdk_platform_lib/kds/KV31F51212/debug/libksdk_platform.a(fsl_clock_MKV31F51212.o)
                0x0000481c                CLOCK_SYS_GetBusClockFreq
 .text.CLOCK_SYS_GetPllFllClockFreq
                0x00004844       0x54 D:/Freescale/KSDK_1.3.0/examples/frdmkv31f/demo_apps/bubble_level_ftm/kds/../../../../../lib/ksdk_platform_lib/kds/KV31F51212/debug/libksdk_platform.a(fsl_clock_MKV31F51212.o)
                0x00004844                CLOCK_SYS_GetPllFllClockFreq
 .text.CLOCK_SYS_GetOsc0ExternalRefClockUndivFreq
                0x00004898       0x28 D:/Freescale/KSDK_1.3.0/examples/frdmkv31f/demo_apps/bubble_level_ftm/kds/../../../../../lib/ksdk_platform_lib/kds/KV31F51212/debug/libksdk_platform.a(fsl_clock_MKV31F51212.o)
                0x00004898                CLOCK_SYS_GetOsc0ExternalRefClockUndivFreq
 .text.CLOCK_SYS_GetOsc0ExternalRefClockFreq
                0x000048c0       0x24 D:/Freescale/KSDK_1.3.0/examples/frdmkv31f/demo_apps/bubble_level_ftm/kds/../../../../../lib/ksdk_platform_lib/kds/KV31F51212/debug/libksdk_platform.a(fsl_clock_MKV31F51212.o)
                0x000048c0                CLOCK_SYS_GetOsc0ExternalRefClockFreq
 .text.CLOCK_SYS_GetLpuartFreq
                0x000048e4       0x54 D:/Freescale/KSDK_1.3.0/examples/frdmkv31f/demo_apps/bubble_level_ftm/kds/../../../../../lib/ksdk_platform_lib/kds/KV31F51212/debug/libksdk_platform.a(fsl_clock_MKV31F51212.o)
                0x000048e4                CLOCK_SYS_GetLpuartFreq
 .text.CLOCK_SYS_GetUartFreq
                0x00004938       0x34 D:/Freescale/KSDK_1.3.0/examples/frdmkv31f/demo_apps/bubble_level_ftm/kds/../../../../../lib/ksdk_platform_lib/kds/KV31F51212/debug/libksdk_platform.a(fsl_clock_MKV31F51212.o)
                0x00004938                CLOCK_SYS_GetUartFreq
 .text.CLOCK_SYS_EnablePortClock
                0x0000496c       0x48 D:/Freescale/KSDK_1.3.0/examples/frdmkv31f/demo_apps/bubble_level_ftm/kds/../../../../../lib/ksdk_platform_lib/kds/KV31F51212/debug/libksdk_platform.a(fsl_clock_MKV31F51212.o)
                0x0000496c                CLOCK_SYS_EnablePortClock
 .text.CLOCK_SYS_EnableFtmClock
                0x000049b4       0x48 D:/Freescale/KSDK_1.3.0/examples/frdmkv31f/demo_apps/bubble_level_ftm/kds/../../../../../lib/ksdk_platform_lib/kds/KV31F51212/debug/libksdk_platform.a(fsl_clock_MKV31F51212.o)
                0x000049b4                CLOCK_SYS_EnableFtmClock
 .text.CLOCK_SYS_EnableI2cClock
                0x000049fc       0x48 D:/Freescale/KSDK_1.3.0/examples/frdmkv31f/demo_apps/bubble_level_ftm/kds/../../../../../lib/ksdk_platform_lib/kds/KV31F51212/debug/libksdk_platform.a(fsl_clock_MKV31F51212.o)
                0x000049fc                CLOCK_SYS_EnableI2cClock
 .text.CLOCK_SYS_EnableUartClock
                0x00004a44       0x48 D:/Freescale/KSDK_1.3.0/examples/frdmkv31f/demo_apps/bubble_level_ftm/kds/../../../../../lib/ksdk_platform_lib/kds/KV31F51212/debug/libksdk_platform.a(fsl_clock_MKV31F51212.o)
                0x00004a44                CLOCK_SYS_EnableUartClock
 .text.CLOCK_HAL_SetClkOutSrc
                0x00004a8c       0x30 D:/Freescale/KSDK_1.3.0/examples/frdmkv31f/demo_apps/bubble_level_ftm/kds/../../../../../lib/ksdk_platform_lib/kds/KV31F51212/debug/libksdk_platform.a(fsl_clock_manager.o)
 .text.CLOCK_HAL_GetClkOutStat
                0x00004abc       0x24 D:/Freescale/KSDK_1.3.0/examples/frdmkv31f/demo_apps/bubble_level_ftm/kds/../../../../../lib/ksdk_platform_lib/kds/KV31F51212/debug/libksdk_platform.a(fsl_clock_manager.o)
 .text.CLOCK_HAL_SetInternalRefClkEnableCmd
                0x00004ae0       0x24 D:/Freescale/KSDK_1.3.0/examples/frdmkv31f/demo_apps/bubble_level_ftm/kds/../../../../../lib/ksdk_platform_lib/kds/KV31F51212/debug/libksdk_platform.a(fsl_clock_manager.o)
 .text.CLOCK_HAL_SetInternalRefClkEnableInStopCmd
                0x00004b04       0x24 D:/Freescale/KSDK_1.3.0/examples/frdmkv31f/demo_apps/bubble_level_ftm/kds/../../../../../lib/ksdk_platform_lib/kds/KV31F51212/debug/libksdk_platform.a(fsl_clock_manager.o)
 .text.CLOCK_HAL_SetInternalRefClkMode
                0x00004b28       0x24 D:/Freescale/KSDK_1.3.0/examples/frdmkv31f/demo_apps/bubble_level_ftm/kds/../../../../../lib/ksdk_platform_lib/kds/KV31F51212/debug/libksdk_platform.a(fsl_clock_manager.o)
 .text.CLOCK_HAL_GetInternalRefClkMode
                0x00004b4c       0x24 D:/Freescale/KSDK_1.3.0/examples/frdmkv31f/demo_apps/bubble_level_ftm/kds/../../../../../lib/ksdk_platform_lib/kds/KV31F51212/debug/libksdk_platform.a(fsl_clock_manager.o)
 .text.CLOCK_HAL_SetPll0EnableCmd
                0x00004b70       0x28 D:/Freescale/KSDK_1.3.0/examples/frdmkv31f/demo_apps/bubble_level_ftm/kds/../../../../../lib/ksdk_platform_lib/kds/KV31F51212/debug/libksdk_platform.a(fsl_clock_manager.o)
 .text.CLOCK_HAL_IsOsc0Stable
                0x00004b98       0x30 D:/Freescale/KSDK_1.3.0/examples/frdmkv31f/demo_apps/bubble_level_ftm/kds/../../../../../lib/ksdk_platform_lib/kds/KV31F51212/debug/libksdk_platform.a(fsl_clock_manager.o)
 .text.OSC_HAL_SetExternalRefClkCmd
                0x00004bc8       0x24 D:/Freescale/KSDK_1.3.0/examples/frdmkv31f/demo_apps/bubble_level_ftm/kds/../../../../../lib/ksdk_platform_lib/kds/KV31F51212/debug/libksdk_platform.a(fsl_clock_manager.o)
 .text.OSC_HAL_SetExternalRefClkInStopModeCmd
                0x00004bec       0x24 D:/Freescale/KSDK_1.3.0/examples/frdmkv31f/demo_apps/bubble_level_ftm/kds/../../../../../lib/ksdk_platform_lib/kds/KV31F51212/debug/libksdk_platform.a(fsl_clock_manager.o)
 .text.OSC_HAL_SetExternalRefClkDiv
                0x00004c10       0x30 D:/Freescale/KSDK_1.3.0/examples/frdmkv31f/demo_apps/bubble_level_ftm/kds/../../../../../lib/ksdk_platform_lib/kds/KV31F51212/debug/libksdk_platform.a(fsl_clock_manager.o)
 .text.CLOCK_SYS_FllStableDelay
                0x00004c40       0x24 D:/Freescale/KSDK_1.3.0/examples/frdmkv31f/demo_apps/bubble_level_ftm/kds/../../../../../lib/ksdk_platform_lib/kds/KV31F51212/debug/libksdk_platform.a(fsl_clock_manager.o)
 .text.CLOCK_SYS_McgModeToIdx
                0x00004c64       0x50 D:/Freescale/KSDK_1.3.0/examples/frdmkv31f/demo_apps/bubble_level_ftm/kds/../../../../../lib/ksdk_platform_lib/kds/KV31F51212/debug/libksdk_platform.a(fsl_clock_manager.o)
 .text.CLOCK_SYS_SetMcgMode
                0x00004cb4      0x1cc D:/Freescale/KSDK_1.3.0/examples/frdmkv31f/demo_apps/bubble_level_ftm/kds/../../../../../lib/ksdk_platform_lib/kds/KV31F51212/debug/libksdk_platform.a(fsl_clock_manager.o)
                0x00004cb4                CLOCK_SYS_SetMcgMode
 .text.CLOCK_SYS_OscInit
                0x00004e80       0xe8 D:/Freescale/KSDK_1.3.0/examples/frdmkv31f/demo_apps/bubble_level_ftm/kds/../../../../../lib/ksdk_platform_lib/kds/KV31F51212/debug/libksdk_platform.a(fsl_clock_manager.o)
                0x00004e80                CLOCK_SYS_OscInit
 .text.CLOCK_SYS_SetOscerConfigration
                0x00004f68       0x50 D:/Freescale/KSDK_1.3.0/examples/frdmkv31f/demo_apps/bubble_level_ftm/kds/../../../../../lib/ksdk_platform_lib/kds/KV31F51212/debug/libksdk_platform.a(fsl_clock_manager.o)
                0x00004f68                CLOCK_SYS_SetOscerConfigration
 .text.SIM_HAL_EnableClock
                0x00004fb8       0x44 D:/Freescale/KSDK_1.3.0/examples/frdmkv31f/demo_apps/bubble_level_ftm/kds/../../../../../lib/ksdk_platform_lib/kds/KV31F51212/debug/libksdk_platform.a(fsl_os_abstraction_bm.o)
 .text.CLOCK_SYS_EnableLptmrClock
                0x00004ffc       0x1c D:/Freescale/KSDK_1.3.0/examples/frdmkv31f/demo_apps/bubble_level_ftm/kds/../../../../../lib/ksdk_platform_lib/kds/KV31F51212/debug/libksdk_platform.a(fsl_os_abstraction_bm.o)
 .text.LPTMR_HAL_Enable
                0x00005018       0x20 D:/Freescale/KSDK_1.3.0/examples/frdmkv31f/demo_apps/bubble_level_ftm/kds/../../../../../lib/ksdk_platform_lib/kds/KV31F51212/debug/libksdk_platform.a(fsl_os_abstraction_bm.o)
 .text.LPTMR_HAL_Disable
                0x00005038       0x20 D:/Freescale/KSDK_1.3.0/examples/frdmkv31f/demo_apps/bubble_level_ftm/kds/../../../../../lib/ksdk_platform_lib/kds/KV31F51212/debug/libksdk_platform.a(fsl_os_abstraction_bm.o)
 .text.LPTMR_HAL_SetIntCmd
                0x00005058       0x24 D:/Freescale/KSDK_1.3.0/examples/frdmkv31f/demo_apps/bubble_level_ftm/kds/../../../../../lib/ksdk_platform_lib/kds/KV31F51212/debug/libksdk_platform.a(fsl_os_abstraction_bm.o)
 .text.OSA_TimeInit
                0x0000507c       0x4c D:/Freescale/KSDK_1.3.0/examples/frdmkv31f/demo_apps/bubble_level_ftm/kds/../../../../../lib/ksdk_platform_lib/kds/KV31F51212/debug/libksdk_platform.a(fsl_os_abstraction_bm.o)
                0x0000507c                OSA_TimeInit
 .text.OSA_TimeDiff
                0x000050c8       0x30 D:/Freescale/KSDK_1.3.0/examples/frdmkv31f/demo_apps/bubble_level_ftm/kds/../../../../../lib/ksdk_platform_lib/kds/KV31F51212/debug/libksdk_platform.a(fsl_os_abstraction_bm.o)
                0x000050c8                OSA_TimeDiff
 .text.OSA_SemaCreate
                0x000050f8       0x4c D:/Freescale/KSDK_1.3.0/examples/frdmkv31f/demo_apps/bubble_level_ftm/kds/../../../../../lib/ksdk_platform_lib/kds/KV31F51212/debug/libksdk_platform.a(fsl_os_abstraction_bm.o)
                0x000050f8                OSA_SemaCreate
 .text.OSA_SemaWait
                0x00005144       0xc4 D:/Freescale/KSDK_1.3.0/examples/frdmkv31f/demo_apps/bubble_level_ftm/kds/../../../../../lib/ksdk_platform_lib/kds/KV31F51212/debug/libksdk_platform.a(fsl_os_abstraction_bm.o)
                0x00005144                OSA_SemaWait
 .text.OSA_SemaPost
                0x00005208       0x54 D:/Freescale/KSDK_1.3.0/examples/frdmkv31f/demo_apps/bubble_level_ftm/kds/../../../../../lib/ksdk_platform_lib/kds/KV31F51212/debug/libksdk_platform.a(fsl_os_abstraction_bm.o)
                0x00005208                OSA_SemaPost
 .text.OSA_EventSet
                0x0000525c       0x48 D:/Freescale/KSDK_1.3.0/examples/frdmkv31f/demo_apps/bubble_level_ftm/kds/../../../../../lib/ksdk_platform_lib/kds/KV31F51212/debug/libksdk_platform.a(fsl_os_abstraction_bm.o)
                0x0000525c                OSA_EventSet
 .text.task_init
                0x000052a4       0x64 D:/Freescale/KSDK_1.3.0/examples/frdmkv31f/demo_apps/bubble_level_ftm/kds/../../../../../lib/ksdk_platform_lib/kds/KV31F51212/debug/libksdk_platform.a(fsl_os_abstraction_bm.o)
                0x000052a4                task_init
 .text.OSA_TimeDelay
                0x00005308       0x2c D:/Freescale/KSDK_1.3.0/examples/frdmkv31f/demo_apps/bubble_level_ftm/kds/../../../../../lib/ksdk_platform_lib/kds/KV31F51212/debug/libksdk_platform.a(fsl_os_abstraction_bm.o)
                0x00005308                OSA_TimeDelay
 .text.OSA_TimeGetMsec
                0x00005334       0x14 D:/Freescale/KSDK_1.3.0/examples/frdmkv31f/demo_apps/bubble_level_ftm/kds/../../../../../lib/ksdk_platform_lib/kds/KV31F51212/debug/libksdk_platform.a(fsl_os_abstraction_bm.o)
                0x00005334                OSA_TimeGetMsec
 .text.OSA_Init
                0x00005348       0x14 D:/Freescale/KSDK_1.3.0/examples/frdmkv31f/demo_apps/bubble_level_ftm/kds/../../../../../lib/ksdk_platform_lib/kds/KV31F51212/debug/libksdk_platform.a(fsl_os_abstraction_bm.o)
                0x00005348                OSA_Init
 .text.CLOCK_HAL_SetOutDiv
                0x0000535c       0x5c D:/Freescale/KSDK_1.3.0/examples/frdmkv31f/demo_apps/bubble_level_ftm/kds/../../../../../lib/ksdk_platform_lib/kds/KV31F51212/debug/libksdk_platform.a(fsl_sim_hal_MKV31F51212.o)
                0x0000535c                CLOCK_HAL_SetOutDiv
 .text.OSC_HAL_SetCapacitor
                0x000053b8       0x2c D:/Freescale/KSDK_1.3.0/examples/frdmkv31f/demo_apps/bubble_level_ftm/kds/../../../../../lib/ksdk_platform_lib/kds/KV31F51212/debug/libksdk_platform.a(fsl_osc_hal.o)
                0x000053b8                OSC_HAL_SetCapacitor
 .text.CLOCK_HAL_GetClkOutStat
                0x000053e4       0x24 D:/Freescale/KSDK_1.3.0/examples/frdmkv31f/demo_apps/bubble_level_ftm/kds/../../../../../lib/ksdk_platform_lib/kds/KV31F51212/debug/libksdk_platform.a(fsl_mcg_hal.o)
 .text.CLOCK_HAL_SetInternalRefClkMode
                0x00005408       0x24 D:/Freescale/KSDK_1.3.0/examples/frdmkv31f/demo_apps/bubble_level_ftm/kds/../../../../../lib/ksdk_platform_lib/kds/KV31F51212/debug/libksdk_platform.a(fsl_mcg_hal.o)
 .text.CLOCK_HAL_GetInternalRefClkMode
                0x0000542c       0x24 D:/Freescale/KSDK_1.3.0/examples/frdmkv31f/demo_apps/bubble_level_ftm/kds/../../../../../lib/ksdk_platform_lib/kds/KV31F51212/debug/libksdk_platform.a(fsl_mcg_hal.o)
 .text.CLOCK_HAL_IsPll0Locked
                0x00005450       0x30 D:/Freescale/KSDK_1.3.0/examples/frdmkv31f/demo_apps/bubble_level_ftm/kds/../../../../../lib/ksdk_platform_lib/kds/KV31F51212/debug/libksdk_platform.a(fsl_mcg_hal.o)
 .text.CLOCK_HAL_IsPllSelected
                0x00005480       0x30 D:/Freescale/KSDK_1.3.0/examples/frdmkv31f/demo_apps/bubble_level_ftm/kds/../../../../../lib/ksdk_platform_lib/kds/KV31F51212/debug/libksdk_platform.a(fsl_mcg_hal.o)
 .text.CLOCK_HAL_IsOsc0Stable
                0x000054b0       0x30 D:/Freescale/KSDK_1.3.0/examples/frdmkv31f/demo_apps/bubble_level_ftm/kds/../../../../../lib/ksdk_platform_lib/kds/KV31F51212/debug/libksdk_platform.a(fsl_mcg_hal.o)
 .text.CLOCK_HAL_TestOscFreq
                0x000054e0       0x44 D:/Freescale/KSDK_1.3.0/examples/frdmkv31f/demo_apps/bubble_level_ftm/kds/../../../../../lib/ksdk_platform_lib/kds/KV31F51212/debug/libksdk_platform.a(fsl_mcg_hal.o)
                0x000054e0                CLOCK_HAL_TestOscFreq
 .text.CLOCK_HAL_PrepareOsc
                0x00005524       0x5c D:/Freescale/KSDK_1.3.0/examples/frdmkv31f/demo_apps/bubble_level_ftm/kds/../../../../../lib/ksdk_platform_lib/kds/KV31F51212/debug/libksdk_platform.a(fsl_mcg_hal.o)
                0x00005524                CLOCK_HAL_PrepareOsc
 .text.CLOCK_HAL_GetMcgExternalClkFreq
                0x00005580       0x28 D:/Freescale/KSDK_1.3.0/examples/frdmkv31f/demo_apps/bubble_level_ftm/kds/../../../../../lib/ksdk_platform_lib/kds/KV31F51212/debug/libksdk_platform.a(fsl_mcg_hal.o)
 .text.CLOCK_HAL_TestFllExternalRefFreq
                0x000055a8       0x90 D:/Freescale/KSDK_1.3.0/examples/frdmkv31f/demo_apps/bubble_level_ftm/kds/../../../../../lib/ksdk_platform_lib/kds/KV31F51212/debug/libksdk_platform.a(fsl_mcg_hal.o)
                0x000055a8                CLOCK_HAL_TestFllExternalRefFreq
 .text.CLOCK_HAL_GetFllRefClk
                0x00005638       0x74 D:/Freescale/KSDK_1.3.0/examples/frdmkv31f/demo_apps/bubble_level_ftm/kds/../../../../../lib/ksdk_platform_lib/kds/KV31F51212/debug/libksdk_platform.a(fsl_mcg_hal.o)
                0x00005638                CLOCK_HAL_GetFllRefClk
 .text.CLOCK_HAL_TestFllFreq
                0x000056ac       0x5c D:/Freescale/KSDK_1.3.0/examples/frdmkv31f/demo_apps/bubble_level_ftm/kds/../../../../../lib/ksdk_platform_lib/kds/KV31F51212/debug/libksdk_platform.a(fsl_mcg_hal.o)
                0x000056ac                CLOCK_HAL_TestFllFreq
 .text.CLOCK_HAL_GetFllClk
                0x00005708       0x60 D:/Freescale/KSDK_1.3.0/examples/frdmkv31f/demo_apps/bubble_level_ftm/kds/../../../../../lib/ksdk_platform_lib/kds/KV31F51212/debug/libksdk_platform.a(fsl_mcg_hal.o)
                0x00005708                CLOCK_HAL_GetFllClk
 .text.CLOCK_HAL_UpdateFastClkInternalRefDiv
                0x00005768       0xa4 D:/Freescale/KSDK_1.3.0/examples/frdmkv31f/demo_apps/bubble_level_ftm/kds/../../../../../lib/ksdk_platform_lib/kds/KV31F51212/debug/libksdk_platform.a(fsl_mcg_hal.o)
                0x00005768                CLOCK_HAL_UpdateFastClkInternalRefDiv
 .text.CLOCK_HAL_GetPll0RefFreq
                0x0000580c       0x18 D:/Freescale/KSDK_1.3.0/examples/frdmkv31f/demo_apps/bubble_level_ftm/kds/../../../../../lib/ksdk_platform_lib/kds/KV31F51212/debug/libksdk_platform.a(fsl_mcg_hal.o)
                0x0000580c                CLOCK_HAL_GetPll0RefFreq
 .text.CLOCK_HAL_GetPll0Clk
                0x00005824       0x7c D:/Freescale/KSDK_1.3.0/examples/frdmkv31f/demo_apps/bubble_level_ftm/kds/../../../../../lib/ksdk_platform_lib/kds/KV31F51212/debug/libksdk_platform.a(fsl_mcg_hal.o)
                0x00005824                CLOCK_HAL_GetPll0Clk
 .text.CLOCK_HAL_EnablePll0InFllMode
                0x000058a0       0x78 D:/Freescale/KSDK_1.3.0/examples/frdmkv31f/demo_apps/bubble_level_ftm/kds/../../../../../lib/ksdk_platform_lib/kds/KV31F51212/debug/libksdk_platform.a(fsl_mcg_hal.o)
                0x000058a0                CLOCK_HAL_EnablePll0InFllMode
 .text.CLOCK_HAL_GetInternalRefClk
                0x00005918       0x64 D:/Freescale/KSDK_1.3.0/examples/frdmkv31f/demo_apps/bubble_level_ftm/kds/../../../../../lib/ksdk_platform_lib/kds/KV31F51212/debug/libksdk_platform.a(fsl_mcg_hal.o)
                0x00005918                CLOCK_HAL_GetInternalRefClk
 .text.CLOCK_HAL_GetOutClk
                0x0000597c       0x68 D:/Freescale/KSDK_1.3.0/examples/frdmkv31f/demo_apps/bubble_level_ftm/kds/../../../../../lib/ksdk_platform_lib/kds/KV31F51212/debug/libksdk_platform.a(fsl_mcg_hal.o)
                0x0000597c                CLOCK_HAL_GetOutClk
 .text.CLOCK_HAL_SetOsc0Mode
                0x000059e4       0x58 D:/Freescale/KSDK_1.3.0/examples/frdmkv31f/demo_apps/bubble_level_ftm/kds/../../../../../lib/ksdk_platform_lib/kds/KV31F51212/debug/libksdk_platform.a(fsl_mcg_hal.o)
                0x000059e4                CLOCK_HAL_SetOsc0Mode
 .text.CLOCK_HAL_GetClkOutStat
                0x00005a3c       0x24 D:/Freescale/KSDK_1.3.0/examples/frdmkv31f/demo_apps/bubble_level_ftm/kds/../../../../../lib/ksdk_platform_lib/kds/KV31F51212/debug/libksdk_platform.a(fsl_mcg_hal_modes.o)
 .text.CLOCK_HAL_GetFllSrc
                0x00005a60       0x24 D:/Freescale/KSDK_1.3.0/examples/frdmkv31f/demo_apps/bubble_level_ftm/kds/../../../../../lib/ksdk_platform_lib/kds/KV31F51212/debug/libksdk_platform.a(fsl_mcg_hal_modes.o)
 .text.CLOCK_HAL_GetInternalRefClkMode
                0x00005a84       0x24 D:/Freescale/KSDK_1.3.0/examples/frdmkv31f/demo_apps/bubble_level_ftm/kds/../../../../../lib/ksdk_platform_lib/kds/KV31F51212/debug/libksdk_platform.a(fsl_mcg_hal_modes.o)
 .text.CLOCK_HAL_SetPll0EnableCmd
                0x00005aa8       0x28 D:/Freescale/KSDK_1.3.0/examples/frdmkv31f/demo_apps/bubble_level_ftm/kds/../../../../../lib/ksdk_platform_lib/kds/KV31F51212/debug/libksdk_platform.a(fsl_mcg_hal_modes.o)
 .text.CLOCK_HAL_IsPll0Locked
                0x00005ad0       0x30 D:/Freescale/KSDK_1.3.0/examples/frdmkv31f/demo_apps/bubble_level_ftm/kds/../../../../../lib/ksdk_platform_lib/kds/KV31F51212/debug/libksdk_platform.a(fsl_mcg_hal_modes.o)
 .text.CLOCK_HAL_IsPllSelected
                0x00005b00       0x30 D:/Freescale/KSDK_1.3.0/examples/frdmkv31f/demo_apps/bubble_level_ftm/kds/../../../../../lib/ksdk_platform_lib/kds/KV31F51212/debug/libksdk_platform.a(fsl_mcg_hal_modes.o)
 .text.CLOCK_HAL_IsOsc0Stable
                0x00005b30       0x30 D:/Freescale/KSDK_1.3.0/examples/frdmkv31f/demo_apps/bubble_level_ftm/kds/../../../../../lib/ksdk_platform_lib/kds/KV31F51212/debug/libksdk_platform.a(fsl_mcg_hal_modes.o)
 .text.CLOCK_HAL_GetMcgMode
                0x00005b60       0xe4 D:/Freescale/KSDK_1.3.0/examples/frdmkv31f/demo_apps/bubble_level_ftm/kds/../../../../../lib/ksdk_platform_lib/kds/KV31F51212/debug/libksdk_platform.a(fsl_mcg_hal_modes.o)
                0x00005b60                CLOCK_HAL_GetMcgMode
 .text.CLOCK_HAL_SetFeiMode
                0x00005c44       0xcc D:/Freescale/KSDK_1.3.0/examples/frdmkv31f/demo_apps/bubble_level_ftm/kds/../../../../../lib/ksdk_platform_lib/kds/KV31F51212/debug/libksdk_platform.a(fsl_mcg_hal_modes.o)
                0x00005c44                CLOCK_HAL_SetFeiMode
 .text.CLOCK_HAL_SetFeeMode
                0x00005d10      0x118 D:/Freescale/KSDK_1.3.0/examples/frdmkv31f/demo_apps/bubble_level_ftm/kds/../../../../../lib/ksdk_platform_lib/kds/KV31F51212/debug/libksdk_platform.a(fsl_mcg_hal_modes.o)
                0x00005d10                CLOCK_HAL_SetFeeMode
 .text.CLOCK_HAL_SetFbiMode
                0x00005e28      0x108 D:/Freescale/KSDK_1.3.0/examples/frdmkv31f/demo_apps/bubble_level_ftm/kds/../../../../../lib/ksdk_platform_lib/kds/KV31F51212/debug/libksdk_platform.a(fsl_mcg_hal_modes.o)
                0x00005e28                CLOCK_HAL_SetFbiMode
 .text.CLOCK_HAL_SetFbeMode
                0x00005f30      0x14c D:/Freescale/KSDK_1.3.0/examples/frdmkv31f/demo_apps/bubble_level_ftm/kds/../../../../../lib/ksdk_platform_lib/kds/KV31F51212/debug/libksdk_platform.a(fsl_mcg_hal_modes.o)
                0x00005f30                CLOCK_HAL_SetFbeMode
 .text.CLOCK_HAL_SetBlpiMode
                0x0000607c       0x5c D:/Freescale/KSDK_1.3.0/examples/frdmkv31f/demo_apps/bubble_level_ftm/kds/../../../../../lib/ksdk_platform_lib/kds/KV31F51212/debug/libksdk_platform.a(fsl_mcg_hal_modes.o)
                0x0000607c                CLOCK_HAL_SetBlpiMode
 .text.CLOCK_HAL_SetBlpeMode
                0x000060d8       0x30 D:/Freescale/KSDK_1.3.0/examples/frdmkv31f/demo_apps/bubble_level_ftm/kds/../../../../../lib/ksdk_platform_lib/kds/KV31F51212/debug/libksdk_platform.a(fsl_mcg_hal_modes.o)
                0x000060d8                CLOCK_HAL_SetBlpeMode
 .text.CLOCK_HAL_SetPbeMode
                0x00006108       0xec D:/Freescale/KSDK_1.3.0/examples/frdmkv31f/demo_apps/bubble_level_ftm/kds/../../../../../lib/ksdk_platform_lib/kds/KV31F51212/debug/libksdk_platform.a(fsl_mcg_hal_modes.o)
                0x00006108                CLOCK_HAL_SetPbeMode
 .text.CLOCK_HAL_SetPeeMode
                0x000061f4       0x30 D:/Freescale/KSDK_1.3.0/examples/frdmkv31f/demo_apps/bubble_level_ftm/kds/../../../../../lib/ksdk_platform_lib/kds/KV31F51212/debug/libksdk_platform.a(fsl_mcg_hal_modes.o)
                0x000061f4                CLOCK_HAL_SetPeeMode
 .text.LPTMR_HAL_SetTimerWorkingMode
                0x00006224       0x54 D:/Freescale/KSDK_1.3.0/examples/frdmkv31f/demo_apps/bubble_level_ftm/kds/../../../../../lib/ksdk_platform_lib/kds/KV31F51212/debug/libksdk_platform.a(fsl_lptmr_hal.o)
                0x00006224                LPTMR_HAL_SetTimerWorkingMode
 .text.LPTMR_HAL_SetPrescalerMode
                0x00006278       0x38 D:/Freescale/KSDK_1.3.0/examples/frdmkv31f/demo_apps/bubble_level_ftm/kds/../../../../../lib/ksdk_platform_lib/kds/KV31F51212/debug/libksdk_platform.a(fsl_lptmr_hal.o)
                0x00006278                LPTMR_HAL_SetPrescalerMode
 .text.LPTMR_HAL_GetCounterValue
                0x000062b0       0x28 D:/Freescale/KSDK_1.3.0/examples/frdmkv31f/demo_apps/bubble_level_ftm/kds/../../../../../lib/ksdk_platform_lib/kds/KV31F51212/debug/libksdk_platform.a(fsl_lptmr_hal.o)
                0x000062b0                LPTMR_HAL_GetCounterValue
 .text.I2C_HAL_GetStatusFlag
                0x000062d8       0x34 D:/Freescale/KSDK_1.3.0/examples/frdmkv31f/demo_apps/bubble_level_ftm/kds/../../../../../lib/ksdk_platform_lib/kds/KV31F51212/debug/libksdk_platform.a(fsl_i2c_hal.o)
 .text.I2C_HAL_Init
                0x0000630c       0x54 D:/Freescale/KSDK_1.3.0/examples/frdmkv31f/demo_apps/bubble_level_ftm/kds/../../../../../lib/ksdk_platform_lib/kds/KV31F51212/debug/libksdk_platform.a(fsl_i2c_hal.o)
                0x0000630c                I2C_HAL_Init
 .text.I2C_HAL_SetBaudRate
                0x00006360       0xe4 D:/Freescale/KSDK_1.3.0/examples/frdmkv31f/demo_apps/bubble_level_ftm/kds/../../../../../lib/ksdk_platform_lib/kds/KV31F51212/debug/libksdk_platform.a(fsl_i2c_hal.o)
                0x00006360                I2C_HAL_SetBaudRate
 .text.I2C_HAL_SendStart
                0x00006444       0x48 D:/Freescale/KSDK_1.3.0/examples/frdmkv31f/demo_apps/bubble_level_ftm/kds/../../../../../lib/ksdk_platform_lib/kds/KV31F51212/debug/libksdk_platform.a(fsl_i2c_hal.o)
                0x00006444                I2C_HAL_SendStart
 .text.I2C_HAL_SendStop
                0x0000648c       0x78 D:/Freescale/KSDK_1.3.0/examples/frdmkv31f/demo_apps/bubble_level_ftm/kds/../../../../../lib/ksdk_platform_lib/kds/KV31F51212/debug/libksdk_platform.a(fsl_i2c_hal.o)
                0x0000648c                I2C_HAL_SendStop
 .text.I2C_HAL_SetDirMode
                0x00006504       0x28 D:/Freescale/KSDK_1.3.0/examples/frdmkv31f/demo_apps/bubble_level_ftm/kds/../../../../../lib/ksdk_platform_lib/kds/KV31F51212/debug/libksdk_platform.a(fsl_i2c_slave_driver.o)
 .text.I2C_HAL_GetDirMode
                0x0000652c       0x24 D:/Freescale/KSDK_1.3.0/examples/frdmkv31f/demo_apps/bubble_level_ftm/kds/../../../../../lib/ksdk_platform_lib/kds/KV31F51212/debug/libksdk_platform.a(fsl_i2c_slave_driver.o)
 .text.I2C_HAL_ReadByte
                0x00006550       0x1c D:/Freescale/KSDK_1.3.0/examples/frdmkv31f/demo_apps/bubble_level_ftm/kds/../../../../../lib/ksdk_platform_lib/kds/KV31F51212/debug/libksdk_platform.a(fsl_i2c_slave_driver.o)
 .text.I2C_HAL_WriteByte
                0x0000656c       0x1c D:/Freescale/KSDK_1.3.0/examples/frdmkv31f/demo_apps/bubble_level_ftm/kds/../../../../../lib/ksdk_platform_lib/kds/KV31F51212/debug/libksdk_platform.a(fsl_i2c_slave_driver.o)
 .text.I2C_HAL_GetStatusFlag
                0x00006588       0x34 D:/Freescale/KSDK_1.3.0/examples/frdmkv31f/demo_apps/bubble_level_ftm/kds/../../../../../lib/ksdk_platform_lib/kds/KV31F51212/debug/libksdk_platform.a(fsl_i2c_slave_driver.o)
 .text.I2C_HAL_SetIntCmd
                0x000065bc       0x28 D:/Freescale/KSDK_1.3.0/examples/frdmkv31f/demo_apps/bubble_level_ftm/kds/../../../../../lib/ksdk_platform_lib/kds/KV31F51212/debug/libksdk_platform.a(fsl_i2c_slave_driver.o)
 .text.I2C_HAL_ClearInt
                0x000065e4       0x18 D:/Freescale/KSDK_1.3.0/examples/frdmkv31f/demo_apps/bubble_level_ftm/kds/../../../../../lib/ksdk_platform_lib/kds/KV31F51212/debug/libksdk_platform.a(fsl_i2c_slave_driver.o)
 .text.I2C_HAL_GetStopFlag
                0x000065fc       0x30 D:/Freescale/KSDK_1.3.0/examples/frdmkv31f/demo_apps/bubble_level_ftm/kds/../../../../../lib/ksdk_platform_lib/kds/KV31F51212/debug/libksdk_platform.a(fsl_i2c_slave_driver.o)
 .text.I2C_HAL_ClearStopFlag
                0x0000662c       0x24 D:/Freescale/KSDK_1.3.0/examples/frdmkv31f/demo_apps/bubble_level_ftm/kds/../../../../../lib/ksdk_platform_lib/kds/KV31F51212/debug/libksdk_platform.a(fsl_i2c_slave_driver.o)
 .text.I2C_HAL_GetStartStopIntCmd
                0x00006650       0x30 D:/Freescale/KSDK_1.3.0/examples/frdmkv31f/demo_apps/bubble_level_ftm/kds/../../../../../lib/ksdk_platform_lib/kds/KV31F51212/debug/libksdk_platform.a(fsl_i2c_slave_driver.o)
 .text.I2C_HAL_GetStartFlag
                0x00006680       0x30 D:/Freescale/KSDK_1.3.0/examples/frdmkv31f/demo_apps/bubble_level_ftm/kds/../../../../../lib/ksdk_platform_lib/kds/KV31F51212/debug/libksdk_platform.a(fsl_i2c_slave_driver.o)
 .text.I2C_HAL_ClearStartFlag
                0x000066b0       0x24 D:/Freescale/KSDK_1.3.0/examples/frdmkv31f/demo_apps/bubble_level_ftm/kds/../../../../../lib/ksdk_platform_lib/kds/KV31F51212/debug/libksdk_platform.a(fsl_i2c_slave_driver.o)
 .text.I2C_DRV_SlaveIRQHandler
                0x000066d4      0x330 D:/Freescale/KSDK_1.3.0/examples/frdmkv31f/demo_apps/bubble_level_ftm/kds/../../../../../lib/ksdk_platform_lib/kds/KV31F51212/debug/libksdk_platform.a(fsl_i2c_slave_driver.o)
                0x000066d4                I2C_DRV_SlaveIRQHandler
 .text.GPIO_HAL_SetPinDir
                0x00006a04       0x60 D:/Freescale/KSDK_1.3.0/examples/frdmkv31f/demo_apps/bubble_level_ftm/kds/../../../../../lib/ksdk_platform_lib/kds/KV31F51212/debug/libksdk_platform.a(fsl_gpio_hal.o)
                0x00006a04                GPIO_HAL_SetPinDir
 .text.GPIO_HAL_WritePinOutput
                0x00006a64       0x4c D:/Freescale/KSDK_1.3.0/examples/frdmkv31f/demo_apps/bubble_level_ftm/kds/../../../../../lib/ksdk_platform_lib/kds/KV31F51212/debug/libksdk_platform.a(fsl_gpio_hal.o)
                0x00006a64                GPIO_HAL_WritePinOutput
 .text.abs      0x00006ab0        0x8 d:/freescale/kds_v3/toolchain/bin/../lib/gcc/arm-none-eabi/4.8.4/../../../../arm-none-eabi/lib/armv7e-m/fpu\libg_s.a(lib_a-abs.o)
                0x00006ab0                abs
 .text.__assert_func
                0x00006ab8       0x38 d:/freescale/kds_v3/toolchain/bin/../lib/gcc/arm-none-eabi/4.8.4/../../../../arm-none-eabi/lib/armv7e-m/fpu\libg_s.a(lib_a-assert.o)
                0x00006ab8                __assert_func
 .text.__errno  0x00006af0        0xc d:/freescale/kds_v3/toolchain/bin/../lib/gcc/arm-none-eabi/4.8.4/../../../../arm-none-eabi/lib/armv7e-m/fpu\libg_s.a(lib_a-errno.o)
                0x00006af0                __errno
 .text.exit     0x00006afc       0x28 d:/freescale/kds_v3/toolchain/bin/../lib/gcc/arm-none-eabi/4.8.4/../../../../arm-none-eabi/lib/armv7e-m/fpu\libg_s.a(lib_a-exit.o)
                0x00006afc                exit
 .text.fprintf  0x00006b24       0x24 d:/freescale/kds_v3/toolchain/bin/../lib/gcc/arm-none-eabi/4.8.4/../../../../arm-none-eabi/lib/armv7e-m/fpu\libg_s.a(lib_a-fprintf.o)
                0x00006b24                fiprintf
                0x00006b24                fprintf
 .text.__libc_init_array
                0x00006b48       0x4c d:/freescale/kds_v3/toolchain/bin/../lib/gcc/arm-none-eabi/4.8.4/../../../../arm-none-eabi/lib/armv7e-m/fpu\libg_s.a(lib_a-init.o)
                0x00006b48                __libc_init_array
 .text.memset   0x00006b94       0x10 d:/freescale/kds_v3/toolchain/bin/../lib/gcc/arm-none-eabi/4.8.4/../../../../arm-none-eabi/lib/armv7e-m/fpu\libg_s.a(lib_a-memset.o)
                0x00006b94                memset
 .text._free_r  0x00006ba4       0x88 d:/freescale/kds_v3/toolchain/bin/../lib/gcc/arm-none-eabi/4.8.4/../../../../arm-none-eabi/lib/armv7e-m/fpu\libg_s.a(lib_a-nano-freer.o)
                0x00006ba4                _free_r
 .text._malloc_r
                0x00006c2c       0xa8 d:/freescale/kds_v3/toolchain/bin/../lib/gcc/arm-none-eabi/4.8.4/../../../../arm-none-eabi/lib/armv7e-m/fpu\libg_s.a(lib_a-nano-mallocr.o)
                0x00006c2c                _malloc_r
 .text._sbrk_r  0x00006cd4       0x20 d:/freescale/kds_v3/toolchain/bin/../lib/gcc/arm-none-eabi/4.8.4/../../../../arm-none-eabi/lib/armv7e-m/fpu\libg_s.a(lib_a-sbrkr.o)
                0x00006cd4                _sbrk_r
 .text.strlen   0x00006cf4       0x10 d:/freescale/kds_v3/toolchain/bin/../lib/gcc/arm-none-eabi/4.8.4/../../../../arm-none-eabi/lib/armv7e-m/fpu\libg_s.a(lib_a-strlen.o)
                0x00006cf4                strlen
 .text.__sfputc_r
                0x00006d04       0x2c d:/freescale/kds_v3/toolchain/bin/../lib/gcc/arm-none-eabi/4.8.4/../../../../arm-none-eabi/lib/armv7e-m/fpu\libg_s.a(lib_a-vfprintf.o)
 .text.__sfputs_r
                0x00006d30       0x24 d:/freescale/kds_v3/toolchain/bin/../lib/gcc/arm-none-eabi/4.8.4/../../../../arm-none-eabi/lib/armv7e-m/fpu\libg_s.a(lib_a-vfprintf.o)
                0x00006d30                __sfputs_r
 .text._vfprintf_r
                0x00006d54      0x208 d:/freescale/kds_v3/toolchain/bin/../lib/gcc/arm-none-eabi/4.8.4/../../../../arm-none-eabi/lib/armv7e-m/fpu\libg_s.a(lib_a-vfprintf.o)
                0x00006d54                _vfprintf_r
                0x00006d54                _vfiprintf_r
 .text._printf_common
                0x00006f5c       0xe4 d:/freescale/kds_v3/toolchain/bin/../lib/gcc/arm-none-eabi/4.8.4/../../../../arm-none-eabi/lib/armv7e-m/fpu\libg_s.a(lib_a-vfprintf_i.o)
                0x00006f5c                _printf_common
 .text._printf_i
                0x00007040      0x228 d:/freescale/kds_v3/toolchain/bin/../lib/gcc/arm-none-eabi/4.8.4/../../../../arm-none-eabi/lib/armv7e-m/fpu\libg_s.a(lib_a-vfprintf_i.o)
                0x00007040                _printf_i
 .text.__swbuf_r
                0x00007268       0xa8 d:/freescale/kds_v3/toolchain/bin/../lib/gcc/arm-none-eabi/4.8.4/../../../../arm-none-eabi/lib/armv7e-m/fpu\libg_s.a(lib_a-wbuf.o)
                0x00007268                __swbuf_r
 .text.__swsetup_r
                0x00007310       0xdc d:/freescale/kds_v3/toolchain/bin/../lib/gcc/arm-none-eabi/4.8.4/../../../../arm-none-eabi/lib/armv7e-m/fpu\libg_s.a(lib_a-wsetup.o)
                0x00007310                __swsetup_r
 .text.abort    0x000073ec        0xe d:/freescale/kds_v3/toolchain/bin/../lib/gcc/arm-none-eabi/4.8.4/../../../../arm-none-eabi/lib/armv7e-m/fpu\libg_s.a(lib_a-abort.o)
                0x000073ec                abort
 .text.__sflush_r
                0x000073fa      0x106 d:/freescale/kds_v3/toolchain/bin/../lib/gcc/arm-none-eabi/4.8.4/../../../../arm-none-eabi/lib/armv7e-m/fpu\libg_s.a(lib_a-fflush.o)
                0x000073fa                __sflush_r
 .text._fflush_r
                0x00007500       0x54 d:/freescale/kds_v3/toolchain/bin/../lib/gcc/arm-none-eabi/4.8.4/../../../../arm-none-eabi/lib/armv7e-m/fpu\libg_s.a(lib_a-fflush.o)
                0x00007500                _fflush_r
 .text._cleanup_r
                0x00007554       0x32 d:/freescale/kds_v3/toolchain/bin/../lib/gcc/arm-none-eabi/4.8.4/../../../../arm-none-eabi/lib/armv7e-m/fpu\libg_s.a(lib_a-findfp.o)
                0x00007554                _cleanup_r
 *fill*         0x00007586        0x2 
 .text.std.isra.0
                0x00007588       0x48 d:/freescale/kds_v3/toolchain/bin/../lib/gcc/arm-none-eabi/4.8.4/../../../../arm-none-eabi/lib/armv7e-m/fpu\libg_s.a(lib_a-findfp.o)
 .text.__sfmoreglue
                0x000075d0       0x2c d:/freescale/kds_v3/toolchain/bin/../lib/gcc/arm-none-eabi/4.8.4/../../../../arm-none-eabi/lib/armv7e-m/fpu\libg_s.a(lib_a-findfp.o)
                0x000075d0                __sfmoreglue
 .text.__sinit  0x000075fc       0x60 d:/freescale/kds_v3/toolchain/bin/../lib/gcc/arm-none-eabi/4.8.4/../../../../arm-none-eabi/lib/armv7e-m/fpu\libg_s.a(lib_a-findfp.o)
                0x000075fc                __sinit
 .text.__sfp    0x0000765c       0x74 d:/freescale/kds_v3/toolchain/bin/../lib/gcc/arm-none-eabi/4.8.4/../../../../arm-none-eabi/lib/armv7e-m/fpu\libg_s.a(lib_a-findfp.o)
                0x0000765c                __sfp
 .text.__smakebuf_r
                0x000076d0       0x9c d:/freescale/kds_v3/toolchain/bin/../lib/gcc/arm-none-eabi/4.8.4/../../../../arm-none-eabi/lib/armv7e-m/fpu\libg_s.a(lib_a-makebuf.o)
                0x000076d0                __smakebuf_r
 .text.memchr   0x0000776c       0x1e d:/freescale/kds_v3/toolchain/bin/../lib/gcc/arm-none-eabi/4.8.4/../../../../arm-none-eabi/lib/armv7e-m/fpu\libg_s.a(lib_a-memchr-stub.o)
                0x0000776c                memchr
 .text._raise_r
                0x0000778a       0x50 d:/freescale/kds_v3/toolchain/bin/../lib/gcc/arm-none-eabi/4.8.4/../../../../arm-none-eabi/lib/armv7e-m/fpu\libg_s.a(lib_a-signal.o)
                0x0000778a                _raise_r
 *fill*         0x000077da        0x2 
 .text.raise    0x000077dc       0x10 d:/freescale/kds_v3/toolchain/bin/../lib/gcc/arm-none-eabi/4.8.4/../../../../arm-none-eabi/lib/armv7e-m/fpu\libg_s.a(lib_a-signal.o)
                0x000077dc                raise
 .text._kill_r  0x000077ec       0x24 d:/freescale/kds_v3/toolchain/bin/../lib/gcc/arm-none-eabi/4.8.4/../../../../arm-none-eabi/lib/armv7e-m/fpu\libg_s.a(lib_a-signalr.o)
                0x000077ec                _kill_r
 .text._getpid_r
                0x00007810        0x4 d:/freescale/kds_v3/toolchain/bin/../lib/gcc/arm-none-eabi/4.8.4/../../../../arm-none-eabi/lib/armv7e-m/fpu\libg_s.a(lib_a-signalr.o)
                0x00007810                _getpid_r
 .text.__sread  0x00007814       0x22 d:/freescale/kds_v3/toolchain/bin/../lib/gcc/arm-none-eabi/4.8.4/../../../../arm-none-eabi/lib/armv7e-m/fpu\libg_s.a(lib_a-stdio.o)
                0x00007814                __sread
 .text.__swrite
                0x00007836       0x38 d:/freescale/kds_v3/toolchain/bin/../lib/gcc/arm-none-eabi/4.8.4/../../../../arm-none-eabi/lib/armv7e-m/fpu\libg_s.a(lib_a-stdio.o)
                0x00007836                __swrite
 .text.__sseek  0x0000786e       0x24 d:/freescale/kds_v3/toolchain/bin/../lib/gcc/arm-none-eabi/4.8.4/../../../../arm-none-eabi/lib/armv7e-m/fpu\libg_s.a(lib_a-stdio.o)
                0x0000786e                __sseek
 .text.__sclose
                0x00007892        0x8 d:/freescale/kds_v3/toolchain/bin/../lib/gcc/arm-none-eabi/4.8.4/../../../../arm-none-eabi/lib/armv7e-m/fpu\libg_s.a(lib_a-stdio.o)
                0x00007892                __sclose
 *fill*         0x0000789a        0x2 
 .text._write_r
                0x0000789c       0x24 d:/freescale/kds_v3/toolchain/bin/../lib/gcc/arm-none-eabi/4.8.4/../../../../arm-none-eabi/lib/armv7e-m/fpu\libg_s.a(lib_a-writer.o)
                0x0000789c                _write_r
 .text._close_r
                0x000078c0       0x20 d:/freescale/kds_v3/toolchain/bin/../lib/gcc/arm-none-eabi/4.8.4/../../../../arm-none-eabi/lib/armv7e-m/fpu\libg_s.a(lib_a-closer.o)
                0x000078c0                _close_r
 .text._fstat_r
                0x000078e0       0x24 d:/freescale/kds_v3/toolchain/bin/../lib/gcc/arm-none-eabi/4.8.4/../../../../arm-none-eabi/lib/armv7e-m/fpu\libg_s.a(lib_a-fstatr.o)
                0x000078e0                _fstat_r
 .text._isatty_r
                0x00007904       0x20 d:/freescale/kds_v3/toolchain/bin/../lib/gcc/arm-none-eabi/4.8.4/../../../../arm-none-eabi/lib/armv7e-m/fpu\libg_s.a(lib_a-isattyr.o)
                0x00007904                _isatty_r
 .text._lseek_r
                0x00007924       0x24 d:/freescale/kds_v3/toolchain/bin/../lib/gcc/arm-none-eabi/4.8.4/../../../../arm-none-eabi/lib/armv7e-m/fpu\libg_s.a(lib_a-lseekr.o)
                0x00007924                _lseek_r
 .text._read_r  0x00007948       0x24 d:/freescale/kds_v3/toolchain/bin/../lib/gcc/arm-none-eabi/4.8.4/../../../../arm-none-eabi/lib/armv7e-m/fpu\libg_s.a(lib_a-readr.o)
                0x00007948                _read_r
 .text._close   0x0000796c       0x10 d:/freescale/kds_v3/toolchain/bin/../lib/gcc/arm-none-eabi/4.8.4/../../../../arm-none-eabi/lib/armv7e-m/fpu\libnosys.a(close.o)
                0x0000796c                _close
 .text._fstat   0x0000797c       0x10 d:/freescale/kds_v3/toolchain/bin/../lib/gcc/arm-none-eabi/4.8.4/../../../../arm-none-eabi/lib/armv7e-m/fpu\libnosys.a(fstat.o)
                0x0000797c                _fstat
 .text._getpid  0x0000798c       0x10 d:/freescale/kds_v3/toolchain/bin/../lib/gcc/arm-none-eabi/4.8.4/../../../../arm-none-eabi/lib/armv7e-m/fpu\libnosys.a(getpid.o)
                0x0000798c                _getpid
 .text._isatty  0x0000799c       0x10 d:/freescale/kds_v3/toolchain/bin/../lib/gcc/arm-none-eabi/4.8.4/../../../../arm-none-eabi/lib/armv7e-m/fpu\libnosys.a(isatty.o)
                0x0000799c                _isatty
 .text._kill    0x000079ac       0x10 d:/freescale/kds_v3/toolchain/bin/../lib/gcc/arm-none-eabi/4.8.4/../../../../arm-none-eabi/lib/armv7e-m/fpu\libnosys.a(kill.o)
                0x000079ac                _kill
 .text._lseek   0x000079bc       0x10 d:/freescale/kds_v3/toolchain/bin/../lib/gcc/arm-none-eabi/4.8.4/../../../../arm-none-eabi/lib/armv7e-m/fpu\libnosys.a(lseek.o)
                0x000079bc                _lseek
 .text._exit    0x000079cc        0x4 d:/freescale/kds_v3/toolchain/bin/../lib/gcc/arm-none-eabi/4.8.4/../../../../arm-none-eabi/lib/armv7e-m/fpu\libnosys.a(_exit.o)
                0x000079cc                _exit
 *(.rodata)
 .rodata        0x000079d0        0xc ./utilities/fsl_debug_console.o
 .rodata        0x000079dc       0x68 ./source/accel.o
 .rodata        0x00007a44       0x74 ./source/fxos_api.o
 .rodata        0x00007ab8      0x100 ./source/main.o
 .rodata        0x00007bb8       0x40 ./board/board.o
 .rodata        0x00007bf8       0x40 ./board/hardware_init.o
 .rodata        0x00007c38       0x40 ./board/pin_mux.o
 .rodata        0x00007c78      0x104 D:/Freescale/KSDK_1.3.0/examples/frdmkv31f/demo_apps/bubble_level_ftm/kds/../../../../../lib/ksdk_platform_lib/kds/KV31F51212/debug/libksdk_platform.a(fsl_i2c_master_driver.o)
 .rodata        0x00007d7c       0x6c D:/Freescale/KSDK_1.3.0/examples/frdmkv31f/demo_apps/bubble_level_ftm/kds/../../../../../lib/ksdk_platform_lib/kds/KV31F51212/debug/libksdk_platform.a(fsl_i2c_shared_function.o)
 .rodata        0x00007de8       0xf0 D:/Freescale/KSDK_1.3.0/examples/frdmkv31f/demo_apps/bubble_level_ftm/kds/../../../../../lib/ksdk_platform_lib/kds/KV31F51212/debug/libksdk_platform.a(fsl_gpio_driver.o)
 .rodata        0x00007ed8      0x184 D:/Freescale/KSDK_1.3.0/examples/frdmkv31f/demo_apps/bubble_level_ftm/kds/../../../../../lib/ksdk_platform_lib/kds/KV31F51212/debug/libksdk_platform.a(fsl_ftm_hal.o)
 .rodata        0x0000805c      0x1f8 D:/Freescale/KSDK_1.3.0/examples/frdmkv31f/demo_apps/bubble_level_ftm/kds/../../../../../lib/ksdk_platform_lib/kds/KV31F51212/debug/libksdk_platform.a(fsl_clock_MKV31F51212.o)
 .rodata        0x00008254       0xac D:/Freescale/KSDK_1.3.0/examples/frdmkv31f/demo_apps/bubble_level_ftm/kds/../../../../../lib/ksdk_platform_lib/kds/KV31F51212/debug/libksdk_platform.a(fsl_clock_manager.o)
 .rodata        0x00008300       0x78 D:/Freescale/KSDK_1.3.0/examples/frdmkv31f/demo_apps/bubble_level_ftm/kds/../../../../../lib/ksdk_platform_lib/kds/KV31F51212/debug/libksdk_platform.a(fsl_os_abstraction_bm.o)
 .rodata        0x00008378       0x58 D:/Freescale/KSDK_1.3.0/examples/frdmkv31f/demo_apps/bubble_level_ftm/kds/../../../../../lib/ksdk_platform_lib/kds/KV31F51212/debug/libksdk_platform.a(fsl_i2c_hal.o)
 .rodata        0x000083d0       0xf8 D:/Freescale/KSDK_1.3.0/examples/frdmkv31f/demo_apps/bubble_level_ftm/kds/../../../../../lib/ksdk_platform_lib/kds/KV31F51212/debug/libksdk_platform.a(fsl_i2c_slave_driver.o)
 .rodata        0x000084c8       0x4c D:/Freescale/KSDK_1.3.0/examples/frdmkv31f/demo_apps/bubble_level_ftm/kds/../../../../../lib/ksdk_platform_lib/kds/KV31F51212/debug/libksdk_platform.a(fsl_gpio_hal.o)
 *(.rodata*)
 .rodata.__func__.7653
                0x00008514       0x18 ./source/main.o
 .rodata.__func__.7632
                0x0000852c       0x18 ./source/main.o
 .rodata.__func__.7637
                0x00008544       0x18 ./source/main.o
 .rodata.__func__.7642
                0x0000855c       0x1c ./source/main.o
 .rodata.__func__.7647
                0x00008578       0x1c ./source/main.o
 .rodata.__func__.5979
                0x00008594       0x14 ./source/main.o
 .rodata.g_defaultClockConfigHsrun
                0x000085a8       0x18 ./board/board.o
                0x000085a8                g_defaultClockConfigHsrun
 .rodata.__func__.5749
                0x000085c0       0x14 ./board/board.o
 .rodata.__func__.5749
                0x000085d4       0x14 ./board/hardware_init.o
 .rodata.__func__.5737
                0x000085e8       0x1c ./board/hardware_init.o
 .rodata.__func__.5731
                0x00008604       0x14 ./board/pin_mux.o
 .rodata.__func__.7661
                0x00008618       0x14 D:/Freescale/KSDK_1.3.0/examples/frdmkv31f/demo_apps/bubble_level_ftm/kds/../../../../../lib/ksdk_platform_lib/kds/KV31F51212/debug/libksdk_platform.a(fsl_i2c_master_driver.o)
 .rodata.__func__.7618
                0x0000862c       0x14 D:/Freescale/KSDK_1.3.0/examples/frdmkv31f/demo_apps/bubble_level_ftm/kds/../../../../../lib/ksdk_platform_lib/kds/KV31F51212/debug/libksdk_platform.a(fsl_i2c_master_driver.o)
 .rodata.__func__.7673
                0x00008640       0x1c D:/Freescale/KSDK_1.3.0/examples/frdmkv31f/demo_apps/bubble_level_ftm/kds/../../../../../lib/ksdk_platform_lib/kds/KV31F51212/debug/libksdk_platform.a(fsl_i2c_master_driver.o)
 .rodata.__func__.7732
                0x0000865c       0x1c D:/Freescale/KSDK_1.3.0/examples/frdmkv31f/demo_apps/bubble_level_ftm/kds/../../../../../lib/ksdk_platform_lib/kds/KV31F51212/debug/libksdk_platform.a(fsl_i2c_master_driver.o)
 .rodata.__func__.7745
                0x00008678       0x14 D:/Freescale/KSDK_1.3.0/examples/frdmkv31f/demo_apps/bubble_level_ftm/kds/../../../../../lib/ksdk_platform_lib/kds/KV31F51212/debug/libksdk_platform.a(fsl_i2c_master_driver.o)
 .rodata.__func__.7753
                0x0000868c       0x1c D:/Freescale/KSDK_1.3.0/examples/frdmkv31f/demo_apps/bubble_level_ftm/kds/../../../../../lib/ksdk_platform_lib/kds/KV31F51212/debug/libksdk_platform.a(fsl_i2c_master_driver.o)
 .rodata.__func__.7764
                0x000086a8       0x14 D:/Freescale/KSDK_1.3.0/examples/frdmkv31f/demo_apps/bubble_level_ftm/kds/../../../../../lib/ksdk_platform_lib/kds/KV31F51212/debug/libksdk_platform.a(fsl_i2c_master_driver.o)
 .rodata.__func__.7784
                0x000086bc       0x14 D:/Freescale/KSDK_1.3.0/examples/frdmkv31f/demo_apps/bubble_level_ftm/kds/../../../../../lib/ksdk_platform_lib/kds/KV31F51212/debug/libksdk_platform.a(fsl_i2c_master_driver.o)
 .rodata.__func__.7797
                0x000086d0       0x18 D:/Freescale/KSDK_1.3.0/examples/frdmkv31f/demo_apps/bubble_level_ftm/kds/../../../../../lib/ksdk_platform_lib/kds/KV31F51212/debug/libksdk_platform.a(fsl_i2c_master_driver.o)
 .rodata.g_i2cBase
                0x000086e8        0x8 D:/Freescale/KSDK_1.3.0/examples/frdmkv31f/demo_apps/bubble_level_ftm/kds/../../../../../lib/ksdk_platform_lib/kds/KV31F51212/debug/libksdk_platform.a(fsl_i2c_common.o)
                0x000086e8                g_i2cBase
 .rodata.g_i2cIrqId
                0x000086f0        0x4 D:/Freescale/KSDK_1.3.0/examples/frdmkv31f/demo_apps/bubble_level_ftm/kds/../../../../../lib/ksdk_platform_lib/kds/KV31F51212/debug/libksdk_platform.a(fsl_i2c_common.o)
                0x000086f0                g_i2cIrqId
 .rodata.__func__.5907
                0x000086f4       0x14 D:/Freescale/KSDK_1.3.0/examples/frdmkv31f/demo_apps/bubble_level_ftm/kds/../../../../../lib/ksdk_platform_lib/kds/KV31F51212/debug/libksdk_platform.a(fsl_i2c_shared_function.o)
 .rodata.__func__.5731
                0x00008708       0x14 D:/Freescale/KSDK_1.3.0/examples/frdmkv31f/demo_apps/bubble_level_ftm/kds/../../../../../lib/ksdk_platform_lib/kds/KV31F51212/debug/libksdk_platform.a(fsl_gpio_driver.o)
 .rodata.__func__.5707
                0x0000871c       0x1c D:/Freescale/KSDK_1.3.0/examples/frdmkv31f/demo_apps/bubble_level_ftm/kds/../../../../../lib/ksdk_platform_lib/kds/KV31F51212/debug/libksdk_platform.a(fsl_gpio_driver.o)
 .rodata.__func__.5725
                0x00008738       0x20 D:/Freescale/KSDK_1.3.0/examples/frdmkv31f/demo_apps/bubble_level_ftm/kds/../../../../../lib/ksdk_platform_lib/kds/KV31F51212/debug/libksdk_platform.a(fsl_gpio_driver.o)
 .rodata.__func__.5719
                0x00008758       0x1c D:/Freescale/KSDK_1.3.0/examples/frdmkv31f/demo_apps/bubble_level_ftm/kds/../../../../../lib/ksdk_platform_lib/kds/KV31F51212/debug/libksdk_platform.a(fsl_gpio_driver.o)
 .rodata.__func__.5935
                0x00008774       0x10 D:/Freescale/KSDK_1.3.0/examples/frdmkv31f/demo_apps/bubble_level_ftm/kds/../../../../../lib/ksdk_platform_lib/kds/KV31F51212/debug/libksdk_platform.a(fsl_ftm_hal.o)
 .rodata.__func__.6213
                0x00008784       0x14 D:/Freescale/KSDK_1.3.0/examples/frdmkv31f/demo_apps/bubble_level_ftm/kds/../../../../../lib/ksdk_platform_lib/kds/KV31F51212/debug/libksdk_platform.a(fsl_ftm_hal.o)
 .rodata.__func__.5981
                0x00008798       0x20 D:/Freescale/KSDK_1.3.0/examples/frdmkv31f/demo_apps/bubble_level_ftm/kds/../../../../../lib/ksdk_platform_lib/kds/KV31F51212/debug/libksdk_platform.a(fsl_ftm_hal.o)
 .rodata.__func__.6229
                0x000087b8       0x18 D:/Freescale/KSDK_1.3.0/examples/frdmkv31f/demo_apps/bubble_level_ftm/kds/../../../../../lib/ksdk_platform_lib/kds/KV31F51212/debug/libksdk_platform.a(fsl_ftm_hal.o)
 .rodata.__func__.5999
                0x000087d0       0x20 D:/Freescale/KSDK_1.3.0/examples/frdmkv31f/demo_apps/bubble_level_ftm/kds/../../../../../lib/ksdk_platform_lib/kds/KV31F51212/debug/libksdk_platform.a(fsl_ftm_hal.o)
 .rodata.__func__.5817
                0x000087f0       0x18 D:/Freescale/KSDK_1.3.0/examples/frdmkv31f/demo_apps/bubble_level_ftm/kds/../../../../../lib/ksdk_platform_lib/kds/KV31F51212/debug/libksdk_platform.a(fsl_ftm_hal.o)
 .rodata.__func__.5811
                0x00008808       0x18 D:/Freescale/KSDK_1.3.0/examples/frdmkv31f/demo_apps/bubble_level_ftm/kds/../../../../../lib/ksdk_platform_lib/kds/KV31F51212/debug/libksdk_platform.a(fsl_ftm_hal.o)
 .rodata.__func__.5784
                0x00008820       0x14 D:/Freescale/KSDK_1.3.0/examples/frdmkv31f/demo_apps/bubble_level_ftm/kds/../../../../../lib/ksdk_platform_lib/kds/KV31F51212/debug/libksdk_platform.a(fsl_ftm_hal.o)
 .rodata.__func__.6011
                0x00008834       0x20 D:/Freescale/KSDK_1.3.0/examples/frdmkv31f/demo_apps/bubble_level_ftm/kds/../../../../../lib/ksdk_platform_lib/kds/KV31F51212/debug/libksdk_platform.a(fsl_ftm_hal.o)
 .rodata.portGateTable
                0x00008854        0x8 D:/Freescale/KSDK_1.3.0/examples/frdmkv31f/demo_apps/bubble_level_ftm/kds/../../../../../lib/ksdk_platform_lib/kds/KV31F51212/debug/libksdk_platform.a(fsl_clock_MKV31F51212.o)
 .rodata.ftmGateTable
                0x0000885c        0x4 D:/Freescale/KSDK_1.3.0/examples/frdmkv31f/demo_apps/bubble_level_ftm/kds/../../../../../lib/ksdk_platform_lib/kds/KV31F51212/debug/libksdk_platform.a(fsl_clock_MKV31F51212.o)
 .rodata.i2cGateTable
                0x00008860        0x4 D:/Freescale/KSDK_1.3.0/examples/frdmkv31f/demo_apps/bubble_level_ftm/kds/../../../../../lib/ksdk_platform_lib/kds/KV31F51212/debug/libksdk_platform.a(fsl_clock_MKV31F51212.o)
 .rodata.uartGateTable
                0x00008864        0x4 D:/Freescale/KSDK_1.3.0/examples/frdmkv31f/demo_apps/bubble_level_ftm/kds/../../../../../lib/ksdk_platform_lib/kds/KV31F51212/debug/libksdk_platform.a(fsl_clock_MKV31F51212.o)
 .rodata.__func__.6947
                0x00008868       0x1c D:/Freescale/KSDK_1.3.0/examples/frdmkv31f/demo_apps/bubble_level_ftm/kds/../../../../../lib/ksdk_platform_lib/kds/KV31F51212/debug/libksdk_platform.a(fsl_clock_MKV31F51212.o)
 .rodata.__func__.7062
                0x00008884       0x1c D:/Freescale/KSDK_1.3.0/examples/frdmkv31f/demo_apps/bubble_level_ftm/kds/../../../../../lib/ksdk_platform_lib/kds/KV31F51212/debug/libksdk_platform.a(fsl_clock_MKV31F51212.o)
 .rodata.__func__.7101
                0x000088a0       0x1c D:/Freescale/KSDK_1.3.0/examples/frdmkv31f/demo_apps/bubble_level_ftm/kds/../../../../../lib/ksdk_platform_lib/kds/KV31F51212/debug/libksdk_platform.a(fsl_clock_MKV31F51212.o)
 .rodata.__func__.7127
                0x000088bc       0x1c D:/Freescale/KSDK_1.3.0/examples/frdmkv31f/demo_apps/bubble_level_ftm/kds/../../../../../lib/ksdk_platform_lib/kds/KV31F51212/debug/libksdk_platform.a(fsl_clock_MKV31F51212.o)
 .rodata.__func__.7140
                0x000088d8       0x1c D:/Freescale/KSDK_1.3.0/examples/frdmkv31f/demo_apps/bubble_level_ftm/kds/../../../../../lib/ksdk_platform_lib/kds/KV31F51212/debug/libksdk_platform.a(fsl_clock_MKV31F51212.o)
 .rodata.mcgModeMatrix